Archive member included to satisfy reference by file (symbol)

F:\Atollic_space\standarat_macro\Library\libSTM32CryptographicV3.0.0_CM7_GCC.a(crypto.o)
                              Code\src\AES_XTS.o (AES_XTS_Encrypt_Init)
d:/truestudio for stm32 9.2.0/armtools/bin/../lib/gcc/arm-atollic-eabi/6.3.1/../../../../arm-atollic-eabi/lib/armv7e-m/softfp/fpv5-sp-d16\libc.a(lib_a-init.o)
                              Startup\startup_stm32f767xx.o (__libc_init_array)
d:/truestudio for stm32 9.2.0/armtools/bin/../lib/gcc/arm-atollic-eabi/6.3.1/../../../../arm-atollic-eabi/lib/armv7e-m/softfp/fpv5-sp-d16\libc.a(lib_a-memcpy-stub.o)
                              F:\Atollic_space\standarat_macro\Library\libSTM32CryptographicV3.0.0_CM7_GCC.a(crypto.o) (memcpy)
d:/truestudio for stm32 9.2.0/armtools/bin/../lib/gcc/arm-atollic-eabi/6.3.1/../../../../arm-atollic-eabi/lib/armv7e-m/softfp/fpv5-sp-d16\libc.a(lib_a-memmove.o)
                              F:\Atollic_space\standarat_macro\Library\libSTM32CryptographicV3.0.0_CM7_GCC.a(crypto.o) (memmove)
d:/truestudio for stm32 9.2.0/armtools/bin/../lib/gcc/arm-atollic-eabi/6.3.1/../../../../arm-atollic-eabi/lib/armv7e-m/softfp/fpv5-sp-d16\libc.a(lib_a-memset.o)
                              F:\Atollic_space\standarat_macro\Library\libSTM32CryptographicV3.0.0_CM7_GCC.a(crypto.o) (memset)
d:/truestudio for stm32 9.2.0/armtools/bin/../lib/gcc/arm-atollic-eabi/6.3.1/armv7e-m/softfp/fpv5-sp-d16\libgcc.a(_arm_addsubdf3.o)
                              Code\src\ulib.o (__aeabi_f2d)
d:/truestudio for stm32 9.2.0/armtools/bin/../lib/gcc/arm-atollic-eabi/6.3.1/armv7e-m/softfp/fpv5-sp-d16\libgcc.a(_arm_muldivdf3.o)
                              Code\src\ulib.o (__aeabi_dmul)
d:/truestudio for stm32 9.2.0/armtools/bin/../lib/gcc/arm-atollic-eabi/6.3.1/armv7e-m/softfp/fpv5-sp-d16\libgcc.a(_arm_truncdfsf2.o)
                              Code\src\ulib.o (__aeabi_d2f)

Allocating common symbols
Common symbol       size              file

flag_get_byte       0x1               Code\src\_Hendler.o
temp                0x200             Code\src\AES_XTS.o
flag_led_init       0x1               Code\src\_Hendler.o
check               0x4               Code\src\AES_XTS.o
STAT                0x1               Code\src\_Hendler.o
addres              0x1               Code\src\_Hendler.o
clock_TIM           0x4               Code\src\_Hendler.o
T_ARR               0x4               Code\src\_Hendler.o
LED                 0x1               Code\src\_Hendler.o
bufferRessive       0x7c              Code\src\_Hendler.o
str                 0x104             Code\src\_Hendler.o
flag_get_array_byte
                    0x1               Code\src\_Hendler.o
AESctx              0x208             Code\src\AES_XTS.o
new_array           0x64              Code\src\main.o
flag_get_array_string
                    0x1               Code\src\_Hendler.o

Memory Configuration

Name             Origin             Length             Attributes
FLASH            0x08000000         0x00200000         xr
DTCMRAM          0x20000000         0x00020000         xrw
SRAM1            0x20020000         0x0005c000         xrw
SRAM2            0x2007c000         0x00004000         xrw
MEMORY_B1        0x60000000         0x00000000         xr
*default*        0x00000000         0xffffffff

Linker script and memory map

LOAD d:/truestudio for stm32 9.2.0/armtools/bin/../lib/gcc/arm-atollic-eabi/6.3.1/armv7e-m/softfp/fpv5-sp-d16/crti.o
LOAD d:/truestudio for stm32 9.2.0/armtools/bin/../lib/gcc/arm-atollic-eabi/6.3.1/armv7e-m/softfp/fpv5-sp-d16/crtbegin.o
LOAD CMSIS\src\system_stm32f7xx.o
LOAD Code\src\AES_XTS.o
LOAD Code\src\_Hendler.o
LOAD Code\src\main.o
LOAD Code\src\ulib.o
LOAD Startup\startup_stm32f767xx.o
LOAD F:\Atollic_space\standarat_macro\Library\libSTM32CryptographicV3.0.0_CM7_GCC.a
                0x00000080                malloc_getpagesize_P = 0x80
START GROUP
LOAD d:/truestudio for stm32 9.2.0/armtools/bin/../lib/gcc/arm-atollic-eabi/6.3.1/../../../../arm-atollic-eabi/lib/armv7e-m/softfp/fpv5-sp-d16\libc.a
LOAD d:/truestudio for stm32 9.2.0/armtools/bin/../lib/gcc/arm-atollic-eabi/6.3.1/../../../../arm-atollic-eabi/lib/armv7e-m/softfp/fpv5-sp-d16\libm.a
END GROUP
START GROUP
LOAD d:/truestudio for stm32 9.2.0/armtools/bin/../lib/gcc/arm-atollic-eabi/6.3.1/armv7e-m/softfp/fpv5-sp-d16\libgcc.a
LOAD d:/truestudio for stm32 9.2.0/armtools/bin/../lib/gcc/arm-atollic-eabi/6.3.1/../../../../arm-atollic-eabi/lib/armv7e-m/softfp/fpv5-sp-d16\libc.a
END GROUP
START GROUP
LOAD d:/truestudio for stm32 9.2.0/armtools/bin/../lib/gcc/arm-atollic-eabi/6.3.1/armv7e-m/softfp/fpv5-sp-d16\libgcc.a
LOAD d:/truestudio for stm32 9.2.0/armtools/bin/../lib/gcc/arm-atollic-eabi/6.3.1/../../../../arm-atollic-eabi/lib/armv7e-m/softfp/fpv5-sp-d16\libc.a
LOAD d:/truestudio for stm32 9.2.0/armtools/bin/../lib/gcc/arm-atollic-eabi/6.3.1/../../../../arm-atollic-eabi/lib/armv7e-m/softfp/fpv5-sp-d16\libnosys.a
END GROUP
LOAD d:/truestudio for stm32 9.2.0/armtools/bin/../lib/gcc/arm-atollic-eabi/6.3.1/armv7e-m/softfp/fpv5-sp-d16/crtend.o
LOAD d:/truestudio for stm32 9.2.0/armtools/bin/../lib/gcc/arm-atollic-eabi/6.3.1/armv7e-m/softfp/fpv5-sp-d16/crtn.o
                0x20080000                _estack = 0x20080000
                0x00000000                _Min_Heap_Size = 0x0
                0x00000400                _Min_Stack_Size = 0x400

.isr_vector     0x08000000      0x1f8
                0x08000000                . = ALIGN (0x4)
 *(.isr_vector)
 .isr_vector    0x08000000      0x1f8 Startup\startup_stm32f767xx.o
                0x08000000                g_pfnVectors
                0x080001f8                . = ALIGN (0x4)

.text           0x080001f8     0xe778
                0x080001f8                . = ALIGN (0x4)
 *(.text)
 .text          0x080001f8        0x0 d:/truestudio for stm32 9.2.0/armtools/bin/../lib/gcc/arm-atollic-eabi/6.3.1/armv7e-m/softfp/fpv5-sp-d16/crti.o
 .text          0x080001f8       0x40 d:/truestudio for stm32 9.2.0/armtools/bin/../lib/gcc/arm-atollic-eabi/6.3.1/armv7e-m/softfp/fpv5-sp-d16/crtbegin.o
 .text          0x08000238      0x160 CMSIS\src\system_stm32f7xx.o
                0x08000238                SystemInit
                0x080002a4                SystemCoreClockUpdate
 .text          0x08000398      0x214 Code\src\AES_XTS.o
                0x08000458                AES_XTSinit
                0x08000478                STM32_AES_XTS_Encrypt
                0x080004f0                STM32_AES_XTS_Decrypt
                0x08000568                Buffercmp
 .text          0x080005ac       0x74 Code\src\_Hendler.o
                0x080005ac                Error_Handler
                0x080005c0                NMI_Handler
                0x080005ce                HardFault_Handler
                0x080005d4                MemManage_Handler
                0x080005da                BusFault_Handler
                0x080005e0                UsageFault_Handler
                0x080005e6                SVC_Handler
                0x080005f4                DebugMon_Handler
                0x08000602                PendSV_Handler
                0x08000610                SysTick_Handler
 .text          0x08000620       0x90 Code\src\main.o
                0x08000620                main
 .text          0x080006b0      0xc4c Code\src\ulib.o
                0x08000728                UASRT_init
                0x08000820                USART1_IRQHandler
                0x08000878                send_byte
                0x080008a8                send_array
                0x080008e2                send_array_byte
                0x08000918                print_str
                0x08000952                get_byte
                0x080009a0                get_array_byte
                0x08000a1c                get_array_str
                0x08000a98                Connect_to_PC
                0x08000ae4                indication_led_init
                0x08000b98                blink
                0x08000cbc                delay
                0x08000ce0                HSE_Enable
                0x08000dd4                RNG_Init
                0x08000e04                number_gen
                0x08000e50                PWM_Init
                0x08000f10                PWM_Put
                0x0800100c                interrupt_timer
                0x08001080                TIM1_UP_TIM10_IRQHandler
                0x080010a0                SPI_Init
                0x080011d0                SPI_write_byte
                0x080011f0                SPI_send_cmd
                0x0800122c                SPI_send_data
                0x08001268                SPI_send_16byte_data
                0x080012a4                init_disp
 .text          0x080012fc       0x14 Startup\startup_stm32f767xx.o
 .text          0x08001310        0x0 F:\Atollic_space\standarat_macro\Library\libSTM32CryptographicV3.0.0_CM7_GCC.a(crypto.o)
 .text          0x08001310        0x0 d:/truestudio for stm32 9.2.0/armtools/bin/../lib/gcc/arm-atollic-eabi/6.3.1/../../../../arm-atollic-eabi/lib/armv7e-m/softfp/fpv5-sp-d16\libc.a(lib_a-init.o)
 .text          0x08001310        0x0 d:/truestudio for stm32 9.2.0/armtools/bin/../lib/gcc/arm-atollic-eabi/6.3.1/../../../../arm-atollic-eabi/lib/armv7e-m/softfp/fpv5-sp-d16\libc.a(lib_a-memcpy-stub.o)
 .text          0x08001310        0x0 d:/truestudio for stm32 9.2.0/armtools/bin/../lib/gcc/arm-atollic-eabi/6.3.1/../../../../arm-atollic-eabi/lib/armv7e-m/softfp/fpv5-sp-d16\libc.a(lib_a-memmove.o)
 .text          0x08001310        0x0 d:/truestudio for stm32 9.2.0/armtools/bin/../lib/gcc/arm-atollic-eabi/6.3.1/../../../../arm-atollic-eabi/lib/armv7e-m/softfp/fpv5-sp-d16\libc.a(lib_a-memset.o)
 .text          0x08001310      0x370 d:/truestudio for stm32 9.2.0/armtools/bin/../lib/gcc/arm-atollic-eabi/6.3.1/armv7e-m/softfp/fpv5-sp-d16\libgcc.a(_arm_addsubdf3.o)
                0x08001310                __aeabi_drsub
                0x08001318                __aeabi_dsub
                0x08001318                __subdf3
                0x0800131c                __aeabi_dadd
                0x0800131c                __adddf3
                0x08001594                __floatunsidf
                0x08001594                __aeabi_ui2d
                0x080015b4                __floatsidf
                0x080015b4                __aeabi_i2d
                0x080015d8                __aeabi_f2d
                0x080015d8                __extendsfdf2
                0x08001614                __floatundidf
                0x08001614                __aeabi_ul2d
                0x08001624                __floatdidf
                0x08001624                __aeabi_l2d
 .text          0x08001680      0x424 d:/truestudio for stm32 9.2.0/armtools/bin/../lib/gcc/arm-atollic-eabi/6.3.1/armv7e-m/softfp/fpv5-sp-d16\libgcc.a(_arm_muldivdf3.o)
                0x08001680                __aeabi_dmul
                0x08001680                __muldf3
                0x080018d4                __divdf3
                0x080018d4                __aeabi_ddiv
 .text          0x08001aa4       0xa0 d:/truestudio for stm32 9.2.0/armtools/bin/../lib/gcc/arm-atollic-eabi/6.3.1/armv7e-m/softfp/fpv5-sp-d16\libgcc.a(_arm_truncdfsf2.o)
                0x08001aa4                __truncdfsf2
                0x08001aa4                __aeabi_d2f
 .text          0x08001b44        0x0 d:/truestudio for stm32 9.2.0/armtools/bin/../lib/gcc/arm-atollic-eabi/6.3.1/armv7e-m/softfp/fpv5-sp-d16/crtend.o
 .text          0x08001b44        0x0 d:/truestudio for stm32 9.2.0/armtools/bin/../lib/gcc/arm-atollic-eabi/6.3.1/armv7e-m/softfp/fpv5-sp-d16/crtn.o
 *(.text*)
 .text.Reset_Handler
                0x08001b44       0x50 Startup\startup_stm32f767xx.o
                0x08001b44                Reset_Handler
 .text.Default_Handler
                0x08001b94        0x2 Startup\startup_stm32f767xx.o
                0x08001b94                RTC_Alarm_IRQHandler
                0x08001b94                EXTI2_IRQHandler
                0x08001b94                TIM8_CC_IRQHandler
                0x08001b94                UART8_IRQHandler
                0x08001b94                SPI4_IRQHandler
                0x08001b94                TIM1_CC_IRQHandler
                0x08001b94                DMA2_Stream5_IRQHandler
                0x08001b94                JPEG_IRQHandler
                0x08001b94                DMA1_Stream5_IRQHandler
                0x08001b94                CAN3_RX1_IRQHandler
                0x08001b94                PVD_IRQHandler
                0x08001b94                TAMP_STAMP_IRQHandler
                0x08001b94                CAN2_RX1_IRQHandler
                0x08001b94                EXTI3_IRQHandler
                0x08001b94                TIM8_TRG_COM_TIM14_IRQHandler
                0x08001b94                DFSDM1_FLT1_IRQHandler
                0x08001b94                TIM8_UP_TIM13_IRQHandler
                0x08001b94                I2C3_ER_IRQHandler
                0x08001b94                DFSDM1_FLT2_IRQHandler
                0x08001b94                EXTI0_IRQHandler
                0x08001b94                I2C2_EV_IRQHandler
                0x08001b94                DMA1_Stream2_IRQHandler
                0x08001b94                CAN1_RX0_IRQHandler
                0x08001b94                FPU_IRQHandler
                0x08001b94                OTG_HS_WKUP_IRQHandler
                0x08001b94                CAN3_SCE_IRQHandler
                0x08001b94                LTDC_ER_IRQHandler
                0x08001b94                CAN2_SCE_IRQHandler
                0x08001b94                DMA2_Stream2_IRQHandler
                0x08001b94                SPI1_IRQHandler
                0x08001b94                TIM6_DAC_IRQHandler
                0x08001b94                TIM1_BRK_TIM9_IRQHandler
                0x08001b94                DCMI_IRQHandler
                0x08001b94                CAN2_RX0_IRQHandler
                0x08001b94                DMA2_Stream3_IRQHandler
                0x08001b94                SAI2_IRQHandler
                0x08001b94                DFSDM1_FLT3_IRQHandler
                0x08001b94                USART6_IRQHandler
                0x08001b94                CAN3_RX0_IRQHandler
                0x08001b94                USART3_IRQHandler
                0x08001b94                CAN1_RX1_IRQHandler
                0x08001b94                UART5_IRQHandler
                0x08001b94                DMA2_Stream0_IRQHandler
                0x08001b94                TIM4_IRQHandler
                0x08001b94                QUADSPI_IRQHandler
                0x08001b94                I2C1_EV_IRQHandler
                0x08001b94                DMA1_Stream6_IRQHandler
                0x08001b94                DMA1_Stream1_IRQHandler
                0x08001b94                UART4_IRQHandler
                0x08001b94                TIM3_IRQHandler
                0x08001b94                RCC_IRQHandler
                0x08001b94                TIM8_BRK_TIM12_IRQHandler
                0x08001b94                Default_Handler
                0x08001b94                CEC_IRQHandler
                0x08001b94                EXTI15_10_IRQHandler
                0x08001b94                ADC_IRQHandler
                0x08001b94                DMA1_Stream7_IRQHandler
                0x08001b94                SPI5_IRQHandler
                0x08001b94                TIM7_IRQHandler
                0x08001b94                SDMMC1_IRQHandler
                0x08001b94                CAN2_TX_IRQHandler
                0x08001b94                TIM5_IRQHandler
                0x08001b94                DMA2_Stream7_IRQHandler
                0x08001b94                I2C3_EV_IRQHandler
                0x08001b94                EXTI9_5_IRQHandler
                0x08001b94                RTC_WKUP_IRQHandler
                0x08001b94                LTDC_IRQHandler
                0x08001b94                ETH_WKUP_IRQHandler
                0x08001b94                SPDIF_RX_IRQHandler
                0x08001b94                SPI2_IRQHandler
                0x08001b94                OTG_HS_EP1_IN_IRQHandler
                0x08001b94                DMA1_Stream0_IRQHandler
                0x08001b94                CAN1_TX_IRQHandler
                0x08001b94                EXTI4_IRQHandler
                0x08001b94                RNG_IRQHandler
                0x08001b94                ETH_IRQHandler
                0x08001b94                OTG_HS_EP1_OUT_IRQHandler
                0x08001b94                WWDG_IRQHandler
                0x08001b94                SPI6_IRQHandler
                0x08001b94                MDIOS_IRQHandler
                0x08001b94                I2C4_EV_IRQHandler
                0x08001b94                CAN3_TX_IRQHandler
                0x08001b94                TIM2_IRQHandler
                0x08001b94                OTG_FS_WKUP_IRQHandler
                0x08001b94                TIM1_TRG_COM_TIM11_IRQHandler
                0x08001b94                OTG_HS_IRQHandler
                0x08001b94                DMA2D_IRQHandler
                0x08001b94                EXTI1_IRQHandler
                0x08001b94                SDMMC2_IRQHandler
                0x08001b94                UART7_IRQHandler
                0x08001b94                USART2_IRQHandler
                0x08001b94                DFSDM1_FLT0_IRQHandler
                0x08001b94                I2C2_ER_IRQHandler
                0x08001b94                DMA2_Stream1_IRQHandler
                0x08001b94                CAN1_SCE_IRQHandler
                0x08001b94                FLASH_IRQHandler
                0x08001b94                DMA2_Stream4_IRQHandler
                0x08001b94                OTG_FS_IRQHandler
                0x08001b94                SPI3_IRQHandler
                0x08001b94                DMA1_Stream4_IRQHandler
                0x08001b94                I2C1_ER_IRQHandler
                0x08001b94                FMC_IRQHandler
                0x08001b94                LPTIM1_IRQHandler
                0x08001b94                I2C4_ER_IRQHandler
                0x08001b94                DMA2_Stream6_IRQHandler
                0x08001b94                SAI1_IRQHandler
                0x08001b94                DMA1_Stream3_IRQHandler
 *fill*         0x08001b96        0x2 
 .text.AES_keyschedule_enc_LL
                0x08001b98      0x174 F:\Atollic_space\standarat_macro\Library\libSTM32CryptographicV3.0.0_CM7_GCC.a(crypto.o)
 .text.poly_xor
                0x08001d0c       0x24 F:\Atollic_space\standarat_macro\Library\libSTM32CryptographicV3.0.0_CM7_GCC.a(crypto.o)
 .text.gfmul_x8
                0x08001d30       0x40 F:\Atollic_space\standarat_macro\Library\libSTM32CryptographicV3.0.0_CM7_GCC.a(crypto.o)
 .text.gfmul_x4
                0x08001d70       0x40 F:\Atollic_space\standarat_macro\Library\libSTM32CryptographicV3.0.0_CM7_GCC.a(crypto.o)
 .text.xts_new_tweak
                0x08001db0       0x3c F:\Atollic_space\standarat_macro\Library\libSTM32CryptographicV3.0.0_CM7_GCC.a(crypto.o)
 .text.desfunc  0x08001dec      0x1ec F:\Atollic_space\standarat_macro\Library\libSTM32CryptographicV3.0.0_CM7_GCC.a(crypto.o)
 .text.deskey   0x08001fd8      0x1cc F:\Atollic_space\standarat_macro\Library\libSTM32CryptographicV3.0.0_CM7_GCC.a(crypto.o)
 .text.reduce_add_sub
                0x080021a4       0x54 F:\Atollic_space\standarat_macro\Library\libSTM32CryptographicV3.0.0_CM7_GCC.a(crypto.o)
 .text.barrett_reduce
                0x080021f8      0x1b8 F:\Atollic_space\standarat_macro\Library\libSTM32CryptographicV3.0.0_CM7_GCC.a(crypto.o)
 .text.reduceRS
                0x080023b0       0x7a F:\Atollic_space\standarat_macro\Library\libSTM32CryptographicV3.0.0_CM7_GCC.a(crypto.o)
 *fill*         0x0800242a        0x2 
 .text.c25519_select
                0x0800242c      0x128 F:\Atollic_space\standarat_macro\Library\libSTM32CryptographicV3.0.0_CM7_GCC.a(crypto.o)
 .text.SHA1Transform
                0x08002554      0x394 F:\Atollic_space\standarat_macro\Library\libSTM32CryptographicV3.0.0_CM7_GCC.a(crypto.o)
 .text.SHA256Transform
                0x080028e8      0x270 F:\Atollic_space\standarat_macro\Library\libSTM32CryptographicV3.0.0_CM7_GCC.a(crypto.o)
 .text.SHA512Transform
                0x08002b58      0x488 F:\Atollic_space\standarat_macro\Library\libSTM32CryptographicV3.0.0_CM7_GCC.a(crypto.o)
 .text.md5_process
                0x08002fe0      0x7a4 F:\Atollic_space\standarat_macro\Library\libSTM32CryptographicV3.0.0_CM7_GCC.a(crypto.o)
 .text.DESstdInit
                0x08003784       0x8e F:\Atollic_space\standarat_macro\Library\libSTM32CryptographicV3.0.0_CM7_GCC.a(crypto.o)
 .text.TDESstdInit
                0x08003812       0xc2 F:\Atollic_space\standarat_macro\Library\libSTM32CryptographicV3.0.0_CM7_GCC.a(crypto.o)
 .text.DRBG_AES128_Increment_v
                0x080038d4       0x20 F:\Atollic_space\standarat_macro\Library\libSTM32CryptographicV3.0.0_CM7_GCC.a(crypto.o)
 .text.gfmul    0x080038f4       0xa6 F:\Atollic_space\standarat_macro\Library\libSTM32CryptographicV3.0.0_CM7_GCC.a(crypto.o)
 .text.AES_keyschedule_enc
                0x0800399a       0x22 F:\Atollic_space\standarat_macro\Library\libSTM32CryptographicV3.0.0_CM7_GCC.a(crypto.o)
                0x0800399a                AES_keyschedule_enc
 .text.AES_general_SW_enc
                0x080039bc      0x2b4 F:\Atollic_space\standarat_macro\Library\libSTM32CryptographicV3.0.0_CM7_GCC.a(crypto.o)
                0x080039bc                AES_general_SW_enc
 .text.AESgcmAppend
                0x08003c70      0x390 F:\Atollic_space\standarat_macro\Library\libSTM32CryptographicV3.0.0_CM7_GCC.a(crypto.o)
 .text.AESgcmFinal
                0x08004000      0x168 F:\Atollic_space\standarat_macro\Library\libSTM32CryptographicV3.0.0_CM7_GCC.a(crypto.o)
 .text.AESccmFinal
                0x08004168       0x30 F:\Atollic_space\standarat_macro\Library\libSTM32CryptographicV3.0.0_CM7_GCC.a(crypto.o)
 .text.DRBG_AES128_Bcc
                0x08004198       0x4c F:\Atollic_space\standarat_macro\Library\libSTM32CryptographicV3.0.0_CM7_GCC.a(crypto.o)
 .text.DRBG_AES128_Update
                0x080041e4       0x5a F:\Atollic_space\standarat_macro\Library\libSTM32CryptographicV3.0.0_CM7_GCC.a(crypto.o)
 *fill*         0x0800423e        0x2 
 .text.DRBG_AES128_Block_cipher_df.constprop.37
                0x08004240       0xcc F:\Atollic_space\standarat_macro\Library\libSTM32CryptographicV3.0.0_CM7_GCC.a(crypto.o)
 .text.crl_DRBG_AES128_Generate.part.31
                0x0800430c      0x148 F:\Atollic_space\standarat_macro\Library\libSTM32CryptographicV3.0.0_CM7_GCC.a(crypto.o)
 .text.AES_keyschedule_dec
                0x08004454       0xfc F:\Atollic_space\standarat_macro\Library\libSTM32CryptographicV3.0.0_CM7_GCC.a(crypto.o)
                0x08004454                AES_keyschedule_dec
 .text.AESstdInit
                0x08004550       0xd8 F:\Atollic_space\standarat_macro\Library\libSTM32CryptographicV3.0.0_CM7_GCC.a(crypto.o)
 .text.AES_XTS_Common_Init
                0x08004628       0x92 F:\Atollic_space\standarat_macro\Library\libSTM32CryptographicV3.0.0_CM7_GCC.a(crypto.o)
 *fill*         0x080046ba        0x2 
 .text.AES_general_SW_dec
                0x080046bc      0x2b4 F:\Atollic_space\standarat_macro\Library\libSTM32CryptographicV3.0.0_CM7_GCC.a(crypto.o)
                0x080046bc                AES_general_SW_dec
 .text.AES_XTS_Common_Append.part.5
                0x08004970      0x2c0 F:\Atollic_space\standarat_macro\Library\libSTM32CryptographicV3.0.0_CM7_GCC.a(crypto.o)
 .text.AES_ECB_Encrypt_Init
                0x08004c30        0x6 F:\Atollic_space\standarat_macro\Library\libSTM32CryptographicV3.0.0_CM7_GCC.a(crypto.o)
                0x08004c30                AES_ECB_Encrypt_Init
 .text.AES_ECB_Encrypt_Append
                0x08004c36       0x8e F:\Atollic_space\standarat_macro\Library\libSTM32CryptographicV3.0.0_CM7_GCC.a(crypto.o)
                0x08004c36                AES_ECB_Encrypt_Append
 .text.AES_ECB_Encrypt_Finish
                0x08004cc4       0x18 F:\Atollic_space\standarat_macro\Library\libSTM32CryptographicV3.0.0_CM7_GCC.a(crypto.o)
                0x08004cc4                AES_ECB_Encrypt_Finish
 .text.AES_ECB_Decrypt_Init
                0x08004cdc        0x6 F:\Atollic_space\standarat_macro\Library\libSTM32CryptographicV3.0.0_CM7_GCC.a(crypto.o)
                0x08004cdc                AES_ECB_Decrypt_Init
 .text.AES_ECB_Decrypt_Append
                0x08004ce2       0x86 F:\Atollic_space\standarat_macro\Library\libSTM32CryptographicV3.0.0_CM7_GCC.a(crypto.o)
                0x08004ce2                AES_ECB_Decrypt_Append
 .text.AES_ECB_Decrypt_Finish
                0x08004d68       0x18 F:\Atollic_space\standarat_macro\Library\libSTM32CryptographicV3.0.0_CM7_GCC.a(crypto.o)
                0x08004d68                AES_ECB_Decrypt_Finish
 .text.AES_CBC_Encrypt_Init
                0x08004d80        0x6 F:\Atollic_space\standarat_macro\Library\libSTM32CryptographicV3.0.0_CM7_GCC.a(crypto.o)
                0x08004d80                AES_CBC_Encrypt_Init
 .text.AES_CBC_Encrypt_Append
                0x08004d86      0x19a F:\Atollic_space\standarat_macro\Library\libSTM32CryptographicV3.0.0_CM7_GCC.a(crypto.o)
                0x08004d86                AES_CBC_Encrypt_Append
 .text.AES_CBC_Encrypt_Finish
                0x08004f20       0x18 F:\Atollic_space\standarat_macro\Library\libSTM32CryptographicV3.0.0_CM7_GCC.a(crypto.o)
                0x08004f20                AES_CBC_Encrypt_Finish
 .text.AES_CBC_Decrypt_Init
                0x08004f38        0x6 F:\Atollic_space\standarat_macro\Library\libSTM32CryptographicV3.0.0_CM7_GCC.a(crypto.o)
                0x08004f38                AES_CBC_Decrypt_Init
 .text.AES_CBC_Decrypt_Append
                0x08004f3e      0x224 F:\Atollic_space\standarat_macro\Library\libSTM32CryptographicV3.0.0_CM7_GCC.a(crypto.o)
                0x08004f3e                AES_CBC_Decrypt_Append
 .text.AES_CBC_Decrypt_Finish
                0x08005162       0x18 F:\Atollic_space\standarat_macro\Library\libSTM32CryptographicV3.0.0_CM7_GCC.a(crypto.o)
                0x08005162                AES_CBC_Decrypt_Finish
 .text.AES_CTR_Encrypt_Init
                0x0800517a        0x6 F:\Atollic_space\standarat_macro\Library\libSTM32CryptographicV3.0.0_CM7_GCC.a(crypto.o)
                0x0800517a                AES_CTR_Encrypt_Init
 .text.AES_CTR_Encrypt_Append
                0x08005180      0x1f4 F:\Atollic_space\standarat_macro\Library\libSTM32CryptographicV3.0.0_CM7_GCC.a(crypto.o)
                0x08005180                AES_CTR_Encrypt_Append
 .text.AES_CTR_Encrypt_Finish
                0x08005374       0x18 F:\Atollic_space\standarat_macro\Library\libSTM32CryptographicV3.0.0_CM7_GCC.a(crypto.o)
                0x08005374                AES_CTR_Encrypt_Finish
 .text.AES_CTR_Decrypt_Init
                0x0800538c        0x6 F:\Atollic_space\standarat_macro\Library\libSTM32CryptographicV3.0.0_CM7_GCC.a(crypto.o)
                0x0800538c                AES_CTR_Decrypt_Init
 .text.AES_CTR_Decrypt_Append
                0x08005392        0x4 F:\Atollic_space\standarat_macro\Library\libSTM32CryptographicV3.0.0_CM7_GCC.a(crypto.o)
                0x08005392                AES_CTR_Decrypt_Append
 .text.AES_CTR_Decrypt_Finish
                0x08005396        0x4 F:\Atollic_space\standarat_macro\Library\libSTM32CryptographicV3.0.0_CM7_GCC.a(crypto.o)
                0x08005396                AES_CTR_Decrypt_Finish
 .text.AES_GCM_Encrypt_Init
                0x0800539a      0x1d2 F:\Atollic_space\standarat_macro\Library\libSTM32CryptographicV3.0.0_CM7_GCC.a(crypto.o)
                0x0800539a                AES_GCM_Encrypt_Init
 .text.AES_GCM_Header_Append
                0x0800556c      0x11e F:\Atollic_space\standarat_macro\Library\libSTM32CryptographicV3.0.0_CM7_GCC.a(crypto.o)
                0x0800556c                AES_GCM_Header_Append
 .text.AES_GCM_Encrypt_Append
                0x0800568a       0x12 F:\Atollic_space\standarat_macro\Library\libSTM32CryptographicV3.0.0_CM7_GCC.a(crypto.o)
                0x0800568a                AES_GCM_Encrypt_Append
 .text.AES_GCM_Encrypt_Finish
                0x0800569c        0x6 F:\Atollic_space\standarat_macro\Library\libSTM32CryptographicV3.0.0_CM7_GCC.a(crypto.o)
                0x0800569c                AES_GCM_Encrypt_Finish
 .text.AES_GCM_Decrypt_Init
                0x080056a2        0x4 F:\Atollic_space\standarat_macro\Library\libSTM32CryptographicV3.0.0_CM7_GCC.a(crypto.o)
                0x080056a2                AES_GCM_Decrypt_Init
 .text.AES_GCM_Decrypt_Append
                0x080056a6       0x12 F:\Atollic_space\standarat_macro\Library\libSTM32CryptographicV3.0.0_CM7_GCC.a(crypto.o)
                0x080056a6                AES_GCM_Decrypt_Append
 .text.AES_GCM_Decrypt_Finish
                0x080056b8        0x8 F:\Atollic_space\standarat_macro\Library\libSTM32CryptographicV3.0.0_CM7_GCC.a(crypto.o)
                0x080056b8                AES_GCM_Decrypt_Finish
 .text.AES_CCM_Encrypt_Init
                0x080056c0      0x1ce F:\Atollic_space\standarat_macro\Library\libSTM32CryptographicV3.0.0_CM7_GCC.a(crypto.o)
                0x080056c0                AES_CCM_Encrypt_Init
 .text.AES_CCM_Header_Append
                0x0800588e      0x19c F:\Atollic_space\standarat_macro\Library\libSTM32CryptographicV3.0.0_CM7_GCC.a(crypto.o)
                0x0800588e                AES_CCM_Header_Append
 *fill*         0x08005a2a        0x2 
 .text.AES_CCM_Encrypt_Append
                0x08005a2c      0x314 F:\Atollic_space\standarat_macro\Library\libSTM32CryptographicV3.0.0_CM7_GCC.a(crypto.o)
                0x08005a2c                AES_CCM_Encrypt_Append
 .text.AES_CCM_Encrypt_Finish
                0x08005d40       0x76 F:\Atollic_space\standarat_macro\Library\libSTM32CryptographicV3.0.0_CM7_GCC.a(crypto.o)
                0x08005d40                AES_CCM_Encrypt_Finish
 .text.AES_CCM_Decrypt_Init
                0x08005db6        0x4 F:\Atollic_space\standarat_macro\Library\libSTM32CryptographicV3.0.0_CM7_GCC.a(crypto.o)
                0x08005db6                AES_CCM_Decrypt_Init
 .text.AES_CCM_Decrypt_Append
                0x08005dba      0x1a4 F:\Atollic_space\standarat_macro\Library\libSTM32CryptographicV3.0.0_CM7_GCC.a(crypto.o)
                0x08005dba                AES_CCM_Decrypt_Append
 .text.AES_CCM_Decrypt_Finish
                0x08005f5e       0xc4 F:\Atollic_space\standarat_macro\Library\libSTM32CryptographicV3.0.0_CM7_GCC.a(crypto.o)
                0x08005f5e                AES_CCM_Decrypt_Finish
 .text.AES_CMAC_Encrypt_Init
                0x08006022       0x26 F:\Atollic_space\standarat_macro\Library\libSTM32CryptographicV3.0.0_CM7_GCC.a(crypto.o)
                0x08006022                AES_CMAC_Encrypt_Init
 .text.AES_CMAC_Encrypt_Append
                0x08006048      0x2f8 F:\Atollic_space\standarat_macro\Library\libSTM32CryptographicV3.0.0_CM7_GCC.a(crypto.o)
                0x08006048                AES_CMAC_Encrypt_Append
 .text.AES_CMAC_Encrypt_Finish
                0x08006340       0x6a F:\Atollic_space\standarat_macro\Library\libSTM32CryptographicV3.0.0_CM7_GCC.a(crypto.o)
                0x08006340                AES_CMAC_Encrypt_Finish
 .text.AES_CMAC_Decrypt_Init
                0x080063aa        0x4 F:\Atollic_space\standarat_macro\Library\libSTM32CryptographicV3.0.0_CM7_GCC.a(crypto.o)
                0x080063aa                AES_CMAC_Decrypt_Init
 .text.AES_CMAC_Decrypt_Append
                0x080063ae        0x4 F:\Atollic_space\standarat_macro\Library\libSTM32CryptographicV3.0.0_CM7_GCC.a(crypto.o)
                0x080063ae                AES_CMAC_Decrypt_Append
 .text.AES_CMAC_Decrypt_Finish
                0x080063b2       0xa6 F:\Atollic_space\standarat_macro\Library\libSTM32CryptographicV3.0.0_CM7_GCC.a(crypto.o)
                0x080063b2                AES_CMAC_Decrypt_Finish
 .text.AES_KeyWrap_Encrypt_Init
                0x08006458       0x18 F:\Atollic_space\standarat_macro\Library\libSTM32CryptographicV3.0.0_CM7_GCC.a(crypto.o)
                0x08006458                AES_KeyWrap_Encrypt_Init
 .text.AES_KeyWrap_Encrypt_Append
                0x08006470      0x12e F:\Atollic_space\standarat_macro\Library\libSTM32CryptographicV3.0.0_CM7_GCC.a(crypto.o)
                0x08006470                AES_KeyWrap_Encrypt_Append
 .text.AES_KeyWrap_Encrypt_Finish
                0x0800659e       0x18 F:\Atollic_space\standarat_macro\Library\libSTM32CryptographicV3.0.0_CM7_GCC.a(crypto.o)
                0x0800659e                AES_KeyWrap_Encrypt_Finish
 .text.AES_KeyWrap_Decrypt_Init
                0x080065b6       0x18 F:\Atollic_space\standarat_macro\Library\libSTM32CryptographicV3.0.0_CM7_GCC.a(crypto.o)
                0x080065b6                AES_KeyWrap_Decrypt_Init
 .text.AES_KeyWrap_Decrypt_Append
                0x080065ce      0x12a F:\Atollic_space\standarat_macro\Library\libSTM32CryptographicV3.0.0_CM7_GCC.a(crypto.o)
                0x080065ce                AES_KeyWrap_Decrypt_Append
 .text.AES_KeyWrap_Decrypt_Finish
                0x080066f8       0x30 F:\Atollic_space\standarat_macro\Library\libSTM32CryptographicV3.0.0_CM7_GCC.a(crypto.o)
                0x080066f8                AES_KeyWrap_Decrypt_Finish
 .text.AES_XTS_Encrypt_Init
                0x08006728        0x6 F:\Atollic_space\standarat_macro\Library\libSTM32CryptographicV3.0.0_CM7_GCC.a(crypto.o)
                0x08006728                AES_XTS_Encrypt_Init
 .text.AES_XTS_Encrypt_Append
                0x0800672e       0x22 F:\Atollic_space\standarat_macro\Library\libSTM32CryptographicV3.0.0_CM7_GCC.a(crypto.o)
                0x0800672e                AES_XTS_Encrypt_Append
 .text.AES_XTS_Encrypt_Finish
                0x08006750       0x18 F:\Atollic_space\standarat_macro\Library\libSTM32CryptographicV3.0.0_CM7_GCC.a(crypto.o)
                0x08006750                AES_XTS_Encrypt_Finish
 .text.AES_XTS_Decrypt_Init
                0x08006768        0x6 F:\Atollic_space\standarat_macro\Library\libSTM32CryptographicV3.0.0_CM7_GCC.a(crypto.o)
                0x08006768                AES_XTS_Decrypt_Init
 .text.AES_XTS_Decrypt_Append
                0x0800676e       0x22 F:\Atollic_space\standarat_macro\Library\libSTM32CryptographicV3.0.0_CM7_GCC.a(crypto.o)
                0x0800676e                AES_XTS_Decrypt_Append
 .text.AES_XTS_Decrypt_Finish
                0x08006790        0x4 F:\Atollic_space\standarat_macro\Library\libSTM32CryptographicV3.0.0_CM7_GCC.a(crypto.o)
                0x08006790                AES_XTS_Decrypt_Finish
 .text.AES_OFB_Encrypt_Init
                0x08006794       0x54 F:\Atollic_space\standarat_macro\Library\libSTM32CryptographicV3.0.0_CM7_GCC.a(crypto.o)
                0x08006794                AES_OFB_Encrypt_Init
 .text.AES_OFB_Encrypt_Append
                0x080067e8      0x11e F:\Atollic_space\standarat_macro\Library\libSTM32CryptographicV3.0.0_CM7_GCC.a(crypto.o)
                0x080067e8                AES_OFB_Encrypt_Append
 .text.AES_OFB_Encrypt_Finish
                0x08006906       0x18 F:\Atollic_space\standarat_macro\Library\libSTM32CryptographicV3.0.0_CM7_GCC.a(crypto.o)
                0x08006906                AES_OFB_Encrypt_Finish
 .text.AES_OFB_Decrypt_Init
                0x0800691e        0x4 F:\Atollic_space\standarat_macro\Library\libSTM32CryptographicV3.0.0_CM7_GCC.a(crypto.o)
                0x0800691e                AES_OFB_Decrypt_Init
 .text.AES_OFB_Decrypt_Append
                0x08006922        0x4 F:\Atollic_space\standarat_macro\Library\libSTM32CryptographicV3.0.0_CM7_GCC.a(crypto.o)
                0x08006922                AES_OFB_Decrypt_Append
 .text.AES_OFB_Decrypt_Finish
                0x08006926        0x4 F:\Atollic_space\standarat_macro\Library\libSTM32CryptographicV3.0.0_CM7_GCC.a(crypto.o)
                0x08006926                AES_OFB_Decrypt_Finish
 *fill*         0x0800692a        0x2 
 .text.AES_CFB_Encrypt_Init
                0x0800692c       0x54 F:\Atollic_space\standarat_macro\Library\libSTM32CryptographicV3.0.0_CM7_GCC.a(crypto.o)
                0x0800692c                AES_CFB_Encrypt_Init
 .text.AES_CFB_Encrypt_Append
                0x08006980      0x11e F:\Atollic_space\standarat_macro\Library\libSTM32CryptographicV3.0.0_CM7_GCC.a(crypto.o)
                0x08006980                AES_CFB_Encrypt_Append
 .text.AES_CFB_Encrypt_Finish
                0x08006a9e       0x18 F:\Atollic_space\standarat_macro\Library\libSTM32CryptographicV3.0.0_CM7_GCC.a(crypto.o)
                0x08006a9e                AES_CFB_Encrypt_Finish
 .text.AES_CFB_Decrypt_Init
                0x08006ab6        0x4 F:\Atollic_space\standarat_macro\Library\libSTM32CryptographicV3.0.0_CM7_GCC.a(crypto.o)
                0x08006ab6                AES_CFB_Decrypt_Init
 .text.AES_CFB_Decrypt_Append
                0x08006aba      0x124 F:\Atollic_space\standarat_macro\Library\libSTM32CryptographicV3.0.0_CM7_GCC.a(crypto.o)
                0x08006aba                AES_CFB_Decrypt_Append
 .text.AES_CFB_Decrypt_Finish
                0x08006bde       0x18 F:\Atollic_space\standarat_macro\Library\libSTM32CryptographicV3.0.0_CM7_GCC.a(crypto.o)
                0x08006bde                AES_CFB_Decrypt_Finish
 .text.DES_ECB_Encrypt_Init
                0x08006bf6        0x6 F:\Atollic_space\standarat_macro\Library\libSTM32CryptographicV3.0.0_CM7_GCC.a(crypto.o)
                0x08006bf6                DES_ECB_Encrypt_Init
 .text.DES_ECB_Encrypt_Append
                0x08006bfc       0x84 F:\Atollic_space\standarat_macro\Library\libSTM32CryptographicV3.0.0_CM7_GCC.a(crypto.o)
                0x08006bfc                DES_ECB_Encrypt_Append
 .text.DES_ECB_Encrypt_Finish
                0x08006c80       0x18 F:\Atollic_space\standarat_macro\Library\libSTM32CryptographicV3.0.0_CM7_GCC.a(crypto.o)
                0x08006c80                DES_ECB_Encrypt_Finish
 .text.DES_ECB_Decrypt_Init
                0x08006c98        0x6 F:\Atollic_space\standarat_macro\Library\libSTM32CryptographicV3.0.0_CM7_GCC.a(crypto.o)
                0x08006c98                DES_ECB_Decrypt_Init
 .text.DES_ECB_Decrypt_Append
                0x08006c9e        0x4 F:\Atollic_space\standarat_macro\Library\libSTM32CryptographicV3.0.0_CM7_GCC.a(crypto.o)
                0x08006c9e                DES_ECB_Decrypt_Append
 .text.DES_ECB_Decrypt_Finish
                0x08006ca2       0x18 F:\Atollic_space\standarat_macro\Library\libSTM32CryptographicV3.0.0_CM7_GCC.a(crypto.o)
                0x08006ca2                DES_ECB_Decrypt_Finish
 .text.DES_CBC_Encrypt_Init
                0x08006cba        0x6 F:\Atollic_space\standarat_macro\Library\libSTM32CryptographicV3.0.0_CM7_GCC.a(crypto.o)
                0x08006cba                DES_CBC_Encrypt_Init
 .text.DES_CBC_Encrypt_Append
                0x08006cc0       0x88 F:\Atollic_space\standarat_macro\Library\libSTM32CryptographicV3.0.0_CM7_GCC.a(crypto.o)
                0x08006cc0                DES_CBC_Encrypt_Append
 .text.DES_CBC_Encrypt_Finish
                0x08006d48       0x18 F:\Atollic_space\standarat_macro\Library\libSTM32CryptographicV3.0.0_CM7_GCC.a(crypto.o)
                0x08006d48                DES_CBC_Encrypt_Finish
 .text.DES_CBC_Decrypt_Init
                0x08006d60        0x6 F:\Atollic_space\standarat_macro\Library\libSTM32CryptographicV3.0.0_CM7_GCC.a(crypto.o)
                0x08006d60                DES_CBC_Decrypt_Init
 .text.DES_CBC_Decrypt_Append
                0x08006d66       0x98 F:\Atollic_space\standarat_macro\Library\libSTM32CryptographicV3.0.0_CM7_GCC.a(crypto.o)
                0x08006d66                DES_CBC_Decrypt_Append
 .text.DES_CBC_Decrypt_Finish
                0x08006dfe       0x18 F:\Atollic_space\standarat_macro\Library\libSTM32CryptographicV3.0.0_CM7_GCC.a(crypto.o)
                0x08006dfe                DES_CBC_Decrypt_Finish
 .text.TDES_ECB_Encrypt_Init
                0x08006e16        0x6 F:\Atollic_space\standarat_macro\Library\libSTM32CryptographicV3.0.0_CM7_GCC.a(crypto.o)
                0x08006e16                TDES_ECB_Encrypt_Init
 .text.TDES_ECB_Encrypt_Append
                0x08006e1c       0xa2 F:\Atollic_space\standarat_macro\Library\libSTM32CryptographicV3.0.0_CM7_GCC.a(crypto.o)
                0x08006e1c                TDES_ECB_Encrypt_Append
 .text.TDES_ECB_Encrypt_Finish
                0x08006ebe       0x18 F:\Atollic_space\standarat_macro\Library\libSTM32CryptographicV3.0.0_CM7_GCC.a(crypto.o)
                0x08006ebe                TDES_ECB_Encrypt_Finish
 .text.TDES_ECB_Decrypt_Init
                0x08006ed6        0x6 F:\Atollic_space\standarat_macro\Library\libSTM32CryptographicV3.0.0_CM7_GCC.a(crypto.o)
                0x08006ed6                TDES_ECB_Decrypt_Init
 .text.TDES_ECB_Decrypt_Append
                0x08006edc        0x4 F:\Atollic_space\standarat_macro\Library\libSTM32CryptographicV3.0.0_CM7_GCC.a(crypto.o)
                0x08006edc                TDES_ECB_Decrypt_Append
 .text.TDES_ECB_Decrypt_Finish
                0x08006ee0       0x18 F:\Atollic_space\standarat_macro\Library\libSTM32CryptographicV3.0.0_CM7_GCC.a(crypto.o)
                0x08006ee0                TDES_ECB_Decrypt_Finish
 .text.TDES_CBC_Encrypt_Init
                0x08006ef8        0x6 F:\Atollic_space\standarat_macro\Library\libSTM32CryptographicV3.0.0_CM7_GCC.a(crypto.o)
                0x08006ef8                TDES_CBC_Encrypt_Init
 .text.TDES_CBC_Encrypt_Append
                0x08006efe       0xa4 F:\Atollic_space\standarat_macro\Library\libSTM32CryptographicV3.0.0_CM7_GCC.a(crypto.o)
                0x08006efe                TDES_CBC_Encrypt_Append
 .text.TDES_CBC_Encrypt_Finish
                0x08006fa2       0x18 F:\Atollic_space\standarat_macro\Library\libSTM32CryptographicV3.0.0_CM7_GCC.a(crypto.o)
                0x08006fa2                TDES_CBC_Encrypt_Finish
 .text.TDES_CBC_Decrypt_Init
                0x08006fba        0x6 F:\Atollic_space\standarat_macro\Library\libSTM32CryptographicV3.0.0_CM7_GCC.a(crypto.o)
                0x08006fba                TDES_CBC_Decrypt_Init
 .text.TDES_CBC_Decrypt_Append
                0x08006fc0       0xae F:\Atollic_space\standarat_macro\Library\libSTM32CryptographicV3.0.0_CM7_GCC.a(crypto.o)
                0x08006fc0                TDES_CBC_Decrypt_Append
 .text.TDES_CBC_Decrypt_Finish
                0x0800706e       0x18 F:\Atollic_space\standarat_macro\Library\libSTM32CryptographicV3.0.0_CM7_GCC.a(crypto.o)
                0x0800706e                TDES_CBC_Decrypt_Finish
 .text.ARC4_Encrypt_Init
                0x08007086       0x68 F:\Atollic_space\standarat_macro\Library\libSTM32CryptographicV3.0.0_CM7_GCC.a(crypto.o)
                0x08007086                ARC4_Encrypt_Init
 *fill*         0x080070ee        0x2 
 .text.ARC4_Encrypt_Append
                0x080070f0      0x174 F:\Atollic_space\standarat_macro\Library\libSTM32CryptographicV3.0.0_CM7_GCC.a(crypto.o)
                0x080070f0                ARC4_Encrypt_Append
 .text.ARC4_Encrypt_Finish
                0x08007264       0x18 F:\Atollic_space\standarat_macro\Library\libSTM32CryptographicV3.0.0_CM7_GCC.a(crypto.o)
                0x08007264                ARC4_Encrypt_Finish
 .text.ARC4_Decrypt_Init
                0x0800727c        0x4 F:\Atollic_space\standarat_macro\Library\libSTM32CryptographicV3.0.0_CM7_GCC.a(crypto.o)
                0x0800727c                ARC4_Decrypt_Init
 .text.ARC4_Decrypt_Append
                0x08007280        0x4 F:\Atollic_space\standarat_macro\Library\libSTM32CryptographicV3.0.0_CM7_GCC.a(crypto.o)
                0x08007280                ARC4_Decrypt_Append
 .text.ARC4_Decrypt_Finish
                0x08007284        0x4 F:\Atollic_space\standarat_macro\Library\libSTM32CryptographicV3.0.0_CM7_GCC.a(crypto.o)
                0x08007284                ARC4_Decrypt_Finish
 .text.crl_u_MD5_Init
                0x08007288       0x2c F:\Atollic_space\standarat_macro\Library\libSTM32CryptographicV3.0.0_CM7_GCC.a(crypto.o)
                0x08007288                crl_u_MD5_Init
 .text.MD5_Init
                0x080072b4       0x1a F:\Atollic_space\standarat_macro\Library\libSTM32CryptographicV3.0.0_CM7_GCC.a(crypto.o)
                0x080072b4                MD5_Init
 .text.crl_u_MD5_Update
                0x080072ce       0x8a F:\Atollic_space\standarat_macro\Library\libSTM32CryptographicV3.0.0_CM7_GCC.a(crypto.o)
                0x080072ce                crl_u_MD5_Update
 .text.MD5_Append
                0x08007358       0x2a F:\Atollic_space\standarat_macro\Library\libSTM32CryptographicV3.0.0_CM7_GCC.a(crypto.o)
                0x08007358                MD5_Append
 *fill*         0x08007382        0x2 
 .text.crl_u_MD5_Finish
                0x08007384       0x78 F:\Atollic_space\standarat_macro\Library\libSTM32CryptographicV3.0.0_CM7_GCC.a(crypto.o)
                0x08007384                crl_u_MD5_Finish
 .text.MD5_Finish
                0x080073fc       0x4c F:\Atollic_space\standarat_macro\Library\libSTM32CryptographicV3.0.0_CM7_GCC.a(crypto.o)
                0x080073fc                MD5_Finish
 .text.HMAC_MD5_Init
                0x08007448       0xd4 F:\Atollic_space\standarat_macro\Library\libSTM32CryptographicV3.0.0_CM7_GCC.a(crypto.o)
                0x08007448                HMAC_MD5_Init
 .text.HMAC_MD5_Append
                0x0800751c        0xe F:\Atollic_space\standarat_macro\Library\libSTM32CryptographicV3.0.0_CM7_GCC.a(crypto.o)
                0x0800751c                HMAC_MD5_Append
 .text.HMAC_MD5_Finish
                0x0800752a       0x62 F:\Atollic_space\standarat_macro\Library\libSTM32CryptographicV3.0.0_CM7_GCC.a(crypto.o)
                0x0800752a                HMAC_MD5_Finish
 .text.SHA1Init
                0x0800758c       0x34 F:\Atollic_space\standarat_macro\Library\libSTM32CryptographicV3.0.0_CM7_GCC.a(crypto.o)
                0x0800758c                SHA1Init
 .text.SHA1_Init
                0x080075c0       0x1a F:\Atollic_space\standarat_macro\Library\libSTM32CryptographicV3.0.0_CM7_GCC.a(crypto.o)
                0x080075c0                SHA1_Init
 .text.SHA1Update
                0x080075da       0x94 F:\Atollic_space\standarat_macro\Library\libSTM32CryptographicV3.0.0_CM7_GCC.a(crypto.o)
                0x080075da                SHA1Update
 .text.SHA1_Append
                0x0800766e       0x2a F:\Atollic_space\standarat_macro\Library\libSTM32CryptographicV3.0.0_CM7_GCC.a(crypto.o)
                0x0800766e                SHA1_Append
 .text.SHA1Final
                0x08007698      0x100 F:\Atollic_space\standarat_macro\Library\libSTM32CryptographicV3.0.0_CM7_GCC.a(crypto.o)
                0x08007698                SHA1Final
 .text.SHA1_Finish
                0x08007798       0x4c F:\Atollic_space\standarat_macro\Library\libSTM32CryptographicV3.0.0_CM7_GCC.a(crypto.o)
                0x08007798                SHA1_Finish
 .text.HMAC_SHA1_Init
                0x080077e4       0xd4 F:\Atollic_space\standarat_macro\Library\libSTM32CryptographicV3.0.0_CM7_GCC.a(crypto.o)
                0x080077e4                HMAC_SHA1_Init
 .text.HMAC_SHA1_Append
                0x080078b8        0xe F:\Atollic_space\standarat_macro\Library\libSTM32CryptographicV3.0.0_CM7_GCC.a(crypto.o)
                0x080078b8                HMAC_SHA1_Append
 .text.HMAC_SHA1_Finish
                0x080078c6       0x60 F:\Atollic_space\standarat_macro\Library\libSTM32CryptographicV3.0.0_CM7_GCC.a(crypto.o)
                0x080078c6                HMAC_SHA1_Finish
 .text.SHA256Update
                0x08007926       0x94 F:\Atollic_space\standarat_macro\Library\libSTM32CryptographicV3.0.0_CM7_GCC.a(crypto.o)
                0x08007926                SHA256Update
 .text.SHA224_Append
                0x080079ba       0x2a F:\Atollic_space\standarat_macro\Library\libSTM32CryptographicV3.0.0_CM7_GCC.a(crypto.o)
                0x080079ba                SHA224_Append
 .text.SHA224Init
                0x080079e4       0x54 F:\Atollic_space\standarat_macro\Library\libSTM32CryptographicV3.0.0_CM7_GCC.a(crypto.o)
                0x080079e4                SHA224Init
 .text.SHA224_Init
                0x08007a38       0x1a F:\Atollic_space\standarat_macro\Library\libSTM32CryptographicV3.0.0_CM7_GCC.a(crypto.o)
                0x08007a38                SHA224_Init
 .text.SHA224Final
                0x08007a52      0x100 F:\Atollic_space\standarat_macro\Library\libSTM32CryptographicV3.0.0_CM7_GCC.a(crypto.o)
                0x08007a52                SHA224Final
 .text.SHA224_Finish
                0x08007b52       0x4c F:\Atollic_space\standarat_macro\Library\libSTM32CryptographicV3.0.0_CM7_GCC.a(crypto.o)
                0x08007b52                SHA224_Finish
 .text.HMAC_SHA224_Init
                0x08007b9e       0xd4 F:\Atollic_space\standarat_macro\Library\libSTM32CryptographicV3.0.0_CM7_GCC.a(crypto.o)
                0x08007b9e                HMAC_SHA224_Init
 .text.HMAC_SHA224_Append
                0x08007c72        0xe F:\Atollic_space\standarat_macro\Library\libSTM32CryptographicV3.0.0_CM7_GCC.a(crypto.o)
                0x08007c72                HMAC_SHA224_Append
 .text.HMAC_SHA224_Finish
                0x08007c80       0x62 F:\Atollic_space\standarat_macro\Library\libSTM32CryptographicV3.0.0_CM7_GCC.a(crypto.o)
                0x08007c80                HMAC_SHA224_Finish
 .text.SHA256_Append
                0x08007ce2       0x2a F:\Atollic_space\standarat_macro\Library\libSTM32CryptographicV3.0.0_CM7_GCC.a(crypto.o)
                0x08007ce2                SHA256_Append
 .text.SHA256Init
                0x08007d0c       0x50 F:\Atollic_space\standarat_macro\Library\libSTM32CryptographicV3.0.0_CM7_GCC.a(crypto.o)
                0x08007d0c                SHA256Init
 .text.SHA256_Init
                0x08007d5c       0x1a F:\Atollic_space\standarat_macro\Library\libSTM32CryptographicV3.0.0_CM7_GCC.a(crypto.o)
                0x08007d5c                SHA256_Init
 .text.SHA256Final
                0x08007d76      0x100 F:\Atollic_space\standarat_macro\Library\libSTM32CryptographicV3.0.0_CM7_GCC.a(crypto.o)
                0x08007d76                SHA256Final
 .text.SHA256_Finish
                0x08007e76       0x4c F:\Atollic_space\standarat_macro\Library\libSTM32CryptographicV3.0.0_CM7_GCC.a(crypto.o)
                0x08007e76                SHA256_Finish
 .text.HMAC_SHA256_Init
                0x08007ec2       0xd4 F:\Atollic_space\standarat_macro\Library\libSTM32CryptographicV3.0.0_CM7_GCC.a(crypto.o)
                0x08007ec2                HMAC_SHA256_Init
 .text.HMAC_SHA256_Append
                0x08007f96        0xe F:\Atollic_space\standarat_macro\Library\libSTM32CryptographicV3.0.0_CM7_GCC.a(crypto.o)
                0x08007f96                HMAC_SHA256_Append
 .text.HMAC_SHA256_Finish
                0x08007fa4       0x62 F:\Atollic_space\standarat_macro\Library\libSTM32CryptographicV3.0.0_CM7_GCC.a(crypto.o)
                0x08007fa4                HMAC_SHA256_Finish
 .text.SHA512Update
                0x08008006       0x96 F:\Atollic_space\standarat_macro\Library\libSTM32CryptographicV3.0.0_CM7_GCC.a(crypto.o)
                0x08008006                SHA512Update
 .text.SHA384_Append
                0x0800809c       0x26 F:\Atollic_space\standarat_macro\Library\libSTM32CryptographicV3.0.0_CM7_GCC.a(crypto.o)
                0x0800809c                SHA384_Append
 .text.SHA512_Append.part.21
                0x080080c2       0x1c F:\Atollic_space\standarat_macro\Library\libSTM32CryptographicV3.0.0_CM7_GCC.a(crypto.o)
 *fill*         0x080080de        0x2 
 .text.SHA384Init
                0x080080e0       0xa0 F:\Atollic_space\standarat_macro\Library\libSTM32CryptographicV3.0.0_CM7_GCC.a(crypto.o)
                0x080080e0                SHA384Init
 .text.SHA384_Init
                0x08008180       0x1a F:\Atollic_space\standarat_macro\Library\libSTM32CryptographicV3.0.0_CM7_GCC.a(crypto.o)
                0x08008180                SHA384_Init
 .text.SHA384Final
                0x0800819a      0x128 F:\Atollic_space\standarat_macro\Library\libSTM32CryptographicV3.0.0_CM7_GCC.a(crypto.o)
                0x0800819a                SHA384Final
 .text.SHA384_Finish
                0x080082c2       0x4c F:\Atollic_space\standarat_macro\Library\libSTM32CryptographicV3.0.0_CM7_GCC.a(crypto.o)
                0x080082c2                SHA384_Finish
 .text.HMAC_SHA384_Init
                0x0800830e       0xd6 F:\Atollic_space\standarat_macro\Library\libSTM32CryptographicV3.0.0_CM7_GCC.a(crypto.o)
                0x0800830e                HMAC_SHA384_Init
 .text.HMAC_SHA384_Append
                0x080083e4        0x6 F:\Atollic_space\standarat_macro\Library\libSTM32CryptographicV3.0.0_CM7_GCC.a(crypto.o)
                0x080083e4                HMAC_SHA384_Append
 .text.HMAC_SHA384_Finish
                0x080083ea       0x66 F:\Atollic_space\standarat_macro\Library\libSTM32CryptographicV3.0.0_CM7_GCC.a(crypto.o)
                0x080083ea                HMAC_SHA384_Finish
 .text.SHA512_Append
                0x08008450        0xe F:\Atollic_space\standarat_macro\Library\libSTM32CryptographicV3.0.0_CM7_GCC.a(crypto.o)
                0x08008450                SHA512_Append
 *fill*         0x0800845e        0x2 
 .text.SHA512Init
                0x08008460       0xa0 F:\Atollic_space\standarat_macro\Library\libSTM32CryptographicV3.0.0_CM7_GCC.a(crypto.o)
                0x08008460                SHA512Init
 .text.SHA512_Init
                0x08008500       0x1a F:\Atollic_space\standarat_macro\Library\libSTM32CryptographicV3.0.0_CM7_GCC.a(crypto.o)
                0x08008500                SHA512_Init
 .text.SHA512Final
                0x0800851a      0x138 F:\Atollic_space\standarat_macro\Library\libSTM32CryptographicV3.0.0_CM7_GCC.a(crypto.o)
                0x0800851a                SHA512Final
 .text.SHA512_Finish
                0x08008652       0x4c F:\Atollic_space\standarat_macro\Library\libSTM32CryptographicV3.0.0_CM7_GCC.a(crypto.o)
                0x08008652                SHA512_Finish
 .text.HMAC_SHA512_Init
                0x0800869e       0xd6 F:\Atollic_space\standarat_macro\Library\libSTM32CryptographicV3.0.0_CM7_GCC.a(crypto.o)
                0x0800869e                HMAC_SHA512_Init
 .text.HMAC_SHA512_Append
                0x08008774        0x6 F:\Atollic_space\standarat_macro\Library\libSTM32CryptographicV3.0.0_CM7_GCC.a(crypto.o)
                0x08008774                HMAC_SHA512_Append
 .text.HMAC_SHA512_Finish
                0x0800877a       0x66 F:\Atollic_space\standarat_macro\Library\libSTM32CryptographicV3.0.0_CM7_GCC.a(crypto.o)
                0x0800877a                HMAC_SHA512_Finish
 .text.HKDF_SHA512
                0x080087e0      0x170 F:\Atollic_space\standarat_macro\Library\libSTM32CryptographicV3.0.0_CM7_GCC.a(crypto.o)
                0x080087e0                HKDF_SHA512
 .text.StAllocBig
                0x08008950       0x36 F:\Atollic_space\standarat_macro\Library\libSTM32CryptographicV3.0.0_CM7_GCC.a(crypto.o)
                0x08008950                StAllocBig
 .text.StFreeBig
                0x08008986       0x1a F:\Atollic_space\standarat_macro\Library\libSTM32CryptographicV3.0.0_CM7_GCC.a(crypto.o)
                0x08008986                StFreeBig
 .text.InitBig  0x080089a0       0x2e F:\Atollic_space\standarat_macro\Library\libSTM32CryptographicV3.0.0_CM7_GCC.a(crypto.o)
                0x080089a0                InitBig
 .text.CopyBig  0x080089ce       0x54 F:\Atollic_space\standarat_macro\Library\libSTM32CryptographicV3.0.0_CM7_GCC.a(crypto.o)
                0x080089ce                CopyBig
 .text.Add_Moduli_Big
                0x08008a22       0xd4 F:\Atollic_space\standarat_macro\Library\libSTM32CryptographicV3.0.0_CM7_GCC.a(crypto.o)
 .text.IsZeroBig
                0x08008af6       0x18 F:\Atollic_space\standarat_macro\Library\libSTM32CryptographicV3.0.0_CM7_GCC.a(crypto.o)
                0x08008af6                IsZeroBig
 .text.SetZeroBig
                0x08008b0e       0x24 F:\Atollic_space\standarat_macro\Library\libSTM32CryptographicV3.0.0_CM7_GCC.a(crypto.o)
                0x08008b0e                SetZeroBig
 .text.SignBig  0x08008b32        0xc F:\Atollic_space\standarat_macro\Library\libSTM32CryptographicV3.0.0_CM7_GCC.a(crypto.o)
                0x08008b32                SignBig
 .text.EvenBig  0x08008b3e        0xe F:\Atollic_space\standarat_macro\Library\libSTM32CryptographicV3.0.0_CM7_GCC.a(crypto.o)
                0x08008b3e                EvenBig
 .text.CompareBig
                0x08008b4c       0x92 F:\Atollic_space\standarat_macro\Library\libSTM32CryptographicV3.0.0_CM7_GCC.a(crypto.o)
                0x08008b4c                CompareBig
 .text.CountBits
                0x08008bde       0x3c F:\Atollic_space\standarat_macro\Library\libSTM32CryptographicV3.0.0_CM7_GCC.a(crypto.o)
                0x08008bde                CountBits
 .text.CountBytes
                0x08008c1a       0x30 F:\Atollic_space\standarat_macro\Library\libSTM32CryptographicV3.0.0_CM7_GCC.a(crypto.o)
                0x08008c1a                CountBytes
 .text.GiveBit  0x08008c4a       0x1c F:\Atollic_space\standarat_macro\Library\libSTM32CryptographicV3.0.0_CM7_GCC.a(crypto.o)
                0x08008c4a                GiveBit
 *fill*         0x08008c66        0x2 
 .text.W32_to_W8
                0x08008c68       0x4c F:\Atollic_space\standarat_macro\Library\libSTM32CryptographicV3.0.0_CM7_GCC.a(crypto.o)
                0x08008c68                W32_to_W8
 .text.W8_to_Big
                0x08008cb4       0xb6 F:\Atollic_space\standarat_macro\Library\libSTM32CryptographicV3.0.0_CM7_GCC.a(crypto.o)
                0x08008cb4                W8_to_Big
 .text.Big_to_W8
                0x08008d6a       0x52 F:\Atollic_space\standarat_macro\Library\libSTM32CryptographicV3.0.0_CM7_GCC.a(crypto.o)
                0x08008d6a                Big_to_W8
 .text.Big_to_fixedW8
                0x08008dbc       0x44 F:\Atollic_space\standarat_macro\Library\libSTM32CryptographicV3.0.0_CM7_GCC.a(crypto.o)
                0x08008dbc                Big_to_fixedW8
 .text.FastMul2
                0x08008e00       0x54 F:\Atollic_space\standarat_macro\Library\libSTM32CryptographicV3.0.0_CM7_GCC.a(crypto.o)
                0x08008e00                FastMul2
 .text.FastDiv2
                0x08008e54       0x40 F:\Atollic_space\standarat_macro\Library\libSTM32CryptographicV3.0.0_CM7_GCC.a(crypto.o)
                0x08008e54                FastDiv2
 .text.FastMulInnerBase
                0x08008e94       0x62 F:\Atollic_space\standarat_macro\Library\libSTM32CryptographicV3.0.0_CM7_GCC.a(crypto.o)
                0x08008e94                FastMulInnerBase
 .text.FastDivInnerBase
                0x08008ef6       0x38 F:\Atollic_space\standarat_macro\Library\libSTM32CryptographicV3.0.0_CM7_GCC.a(crypto.o)
                0x08008ef6                FastDivInnerBase
 .text.LeftShift
                0x08008f2e       0x74 F:\Atollic_space\standarat_macro\Library\libSTM32CryptographicV3.0.0_CM7_GCC.a(crypto.o)
                0x08008f2e                LeftShift
 .text.RightShift
                0x08008fa2       0x4c F:\Atollic_space\standarat_macro\Library\libSTM32CryptographicV3.0.0_CM7_GCC.a(crypto.o)
                0x08008fa2                RightShift
 .text.MulBigbyUnInt
                0x08008fee       0x58 F:\Atollic_space\standarat_macro\Library\libSTM32CryptographicV3.0.0_CM7_GCC.a(crypto.o)
                0x08008fee                MulBigbyUnInt
 .text.Sub_Moduli_Big
                0x08009046       0xd2 F:\Atollic_space\standarat_macro\Library\libSTM32CryptographicV3.0.0_CM7_GCC.a(crypto.o)
                0x08009046                Sub_Moduli_Big
 .text.AddBig   0x08009118      0x112 F:\Atollic_space\standarat_macro\Library\libSTM32CryptographicV3.0.0_CM7_GCC.a(crypto.o)
                0x08009118                AddBig
 .text.SubBig   0x0800922a       0xbc F:\Atollic_space\standarat_macro\Library\libSTM32CryptographicV3.0.0_CM7_GCC.a(crypto.o)
                0x0800922a                SubBig
 .text.MontyInit
                0x080092e6      0x140 F:\Atollic_space\standarat_macro\Library\libSTM32CryptographicV3.0.0_CM7_GCC.a(crypto.o)
                0x080092e6                MontyInit
 .text.MontyKillR2
                0x08009426        0xe F:\Atollic_space\standarat_macro\Library\libSTM32CryptographicV3.0.0_CM7_GCC.a(crypto.o)
                0x08009426                MontyKillR2
 .text.MontyKillAll
                0x08009434       0x18 F:\Atollic_space\standarat_macro\Library\libSTM32CryptographicV3.0.0_CM7_GCC.a(crypto.o)
                0x08009434                MontyKillAll
 .text.MontyMul
                0x0800944c      0x1d6 F:\Atollic_space\standarat_macro\Library\libSTM32CryptographicV3.0.0_CM7_GCC.a(crypto.o)
                0x0800944c                MontyMul
 .text.MontyExit
                0x08009622       0x46 F:\Atollic_space\standarat_macro\Library\libSTM32CryptographicV3.0.0_CM7_GCC.a(crypto.o)
                0x08009622                MontyExit
 .text.ModularAddBig
                0x08009668       0x44 F:\Atollic_space\standarat_macro\Library\libSTM32CryptographicV3.0.0_CM7_GCC.a(crypto.o)
                0x08009668                ModularAddBig
 .text.ModularSubBig
                0x080096ac       0x2c F:\Atollic_space\standarat_macro\Library\libSTM32CryptographicV3.0.0_CM7_GCC.a(crypto.o)
                0x080096ac                ModularSubBig
 .text.ModularFastMul2
                0x080096d8       0x38 F:\Atollic_space\standarat_macro\Library\libSTM32CryptographicV3.0.0_CM7_GCC.a(crypto.o)
                0x080096d8                ModularFastMul2
 .text.ModularInvBig
                0x08009710      0x1ba F:\Atollic_space\standarat_macro\Library\libSTM32CryptographicV3.0.0_CM7_GCC.a(crypto.o)
                0x08009710                ModularInvBig
 .text.ModularExpSlidWin
                0x080098ca      0x25c F:\Atollic_space\standarat_macro\Library\libSTM32CryptographicV3.0.0_CM7_GCC.a(crypto.o)
                0x080098ca                ModularExpSlidWin
 .text.crl_ModularExp
                0x08009b26      0x11e F:\Atollic_space\standarat_macro\Library\libSTM32CryptographicV3.0.0_CM7_GCC.a(crypto.o)
 .text.RSASP1   0x08009c44       0x6c F:\Atollic_space\standarat_macro\Library\libSTM32CryptographicV3.0.0_CM7_GCC.a(crypto.o)
                0x08009c44                RSASP1
 .text.RSAVP1   0x08009cb0       0x1e F:\Atollic_space\standarat_macro\Library\libSTM32CryptographicV3.0.0_CM7_GCC.a(crypto.o)
                0x08009cb0                RSAVP1
 *fill*         0x08009cce        0x2 
 .text.RSA_PKCS1v15_Sign
                0x08009cd0      0x240 F:\Atollic_space\standarat_macro\Library\libSTM32CryptographicV3.0.0_CM7_GCC.a(crypto.o)
                0x08009cd0                RSA_PKCS1v15_Sign
 .text.RSA_PKCS1v15_Verify
                0x08009f10      0x278 F:\Atollic_space\standarat_macro\Library\libSTM32CryptographicV3.0.0_CM7_GCC.a(crypto.o)
                0x08009f10                RSA_PKCS1v15_Verify
 .text.RSA_PKCS1v15_Decrypt
                0x0800a188      0x1ac F:\Atollic_space\standarat_macro\Library\libSTM32CryptographicV3.0.0_CM7_GCC.a(crypto.o)
                0x0800a188                RSA_PKCS1v15_Decrypt
 .text.crl_DRBG_AES128_Instantiate
                0x0800a334       0xb0 F:\Atollic_space\standarat_macro\Library\libSTM32CryptographicV3.0.0_CM7_GCC.a(crypto.o)
                0x0800a334                crl_DRBG_AES128_Instantiate
 .text.crl_DRBG_AES128_Generate
                0x0800a3e4       0x22 F:\Atollic_space\standarat_macro\Library\libSTM32CryptographicV3.0.0_CM7_GCC.a(crypto.o)
                0x0800a3e4                crl_DRBG_AES128_Generate
 .text.crl_DRBG_AES128_Reseed
                0x0800a406       0x82 F:\Atollic_space\standarat_macro\Library\libSTM32CryptographicV3.0.0_CM7_GCC.a(crypto.o)
                0x0800a406                crl_DRBG_AES128_Reseed
 .text.RNGinit  0x0800a488       0x34 F:\Atollic_space\standarat_macro\Library\libSTM32CryptographicV3.0.0_CM7_GCC.a(crypto.o)
                0x0800a488                RNGinit
 .text.RNGfree  0x0800a4bc       0x24 F:\Atollic_space\standarat_macro\Library\libSTM32CryptographicV3.0.0_CM7_GCC.a(crypto.o)
                0x0800a4bc                RNGfree
 .text.RNGreseed
                0x0800a4e0       0x20 F:\Atollic_space\standarat_macro\Library\libSTM32CryptographicV3.0.0_CM7_GCC.a(crypto.o)
                0x0800a4e0                RNGreseed
 .text.RNGgenBytes
                0x0800a500       0x7a F:\Atollic_space\standarat_macro\Library\libSTM32CryptographicV3.0.0_CM7_GCC.a(crypto.o)
                0x0800a500                RNGgenBytes
 *fill*         0x0800a57a        0x2 
 .text.RSA_PKCS1v15_Encrypt
                0x0800a57c      0x14c F:\Atollic_space\standarat_macro\Library\libSTM32CryptographicV3.0.0_CM7_GCC.a(crypto.o)
                0x0800a57c                RSA_PKCS1v15_Encrypt
 .text.RNGgenWords
                0x0800a6c8        0x6 F:\Atollic_space\standarat_macro\Library\libSTM32CryptographicV3.0.0_CM7_GCC.a(crypto.o)
                0x0800a6c8                RNGgenWords
 .text.GenRndBN
                0x0800a6ce       0x7c F:\Atollic_space\standarat_macro\Library\libSTM32CryptographicV3.0.0_CM7_GCC.a(crypto.o)
                0x0800a6ce                GenRndBN
 .text.GenRndBNmodN
                0x0800a74a       0x32 F:\Atollic_space\standarat_macro\Library\libSTM32CryptographicV3.0.0_CM7_GCC.a(crypto.o)
                0x0800a74a                GenRndBNmodN
 .text.ECCpoint2Monty
                0x0800a77c       0x40 F:\Atollic_space\standarat_macro\Library\libSTM32CryptographicV3.0.0_CM7_GCC.a(crypto.o)
                0x0800a77c                ECCpoint2Monty
 .text.ECCpointFromMonty
                0x0800a7bc       0x3e F:\Atollic_space\standarat_macro\Library\libSTM32CryptographicV3.0.0_CM7_GCC.a(crypto.o)
                0x0800a7bc                ECCpointFromMonty
 .text.MontyJacProjDoublePoint
                0x0800a7fa      0x248 F:\Atollic_space\standarat_macro\Library\libSTM32CryptographicV3.0.0_CM7_GCC.a(crypto.o)
                0x0800a7fa                MontyJacProjDoublePoint
 .text.ECCinitEC
                0x0800aa42      0x1ca F:\Atollic_space\standarat_macro\Library\libSTM32CryptographicV3.0.0_CM7_GCC.a(crypto.o)
                0x0800aa42                ECCinitEC
 .text.ECCfreeEC
                0x0800ac0c       0x7c F:\Atollic_space\standarat_macro\Library\libSTM32CryptographicV3.0.0_CM7_GCC.a(crypto.o)
                0x0800ac0c                ECCfreeEC
 .text.ECCinitPoint
                0x0800ac88       0xd2 F:\Atollic_space\standarat_macro\Library\libSTM32CryptographicV3.0.0_CM7_GCC.a(crypto.o)
                0x0800ac88                ECCinitPoint
 .text.ECCfreePoint
                0x0800ad5a       0x3e F:\Atollic_space\standarat_macro\Library\libSTM32CryptographicV3.0.0_CM7_GCC.a(crypto.o)
                0x0800ad5a                ECCfreePoint
 .text.ECCsetPointCoordinate
                0x0800ad98       0x50 F:\Atollic_space\standarat_macro\Library\libSTM32CryptographicV3.0.0_CM7_GCC.a(crypto.o)
                0x0800ad98                ECCsetPointCoordinate
 .text.ECCgetPointCoordinate
                0x0800ade8       0xb8 F:\Atollic_space\standarat_macro\Library\libSTM32CryptographicV3.0.0_CM7_GCC.a(crypto.o)
                0x0800ade8                ECCgetPointCoordinate
 .text.ECCgetPointFlag
                0x0800aea0        0xc F:\Atollic_space\standarat_macro\Library\libSTM32CryptographicV3.0.0_CM7_GCC.a(crypto.o)
                0x0800aea0                ECCgetPointFlag
 .text.ECCsetPointFlag
                0x0800aeac        0x6 F:\Atollic_space\standarat_macro\Library\libSTM32CryptographicV3.0.0_CM7_GCC.a(crypto.o)
                0x0800aeac                ECCsetPointFlag
 .text.ECCcopyPoint
                0x0800aeb2       0x50 F:\Atollic_space\standarat_macro\Library\libSTM32CryptographicV3.0.0_CM7_GCC.a(crypto.o)
                0x0800aeb2                ECCcopyPoint
 .text.ECCsymmetricPoint
                0x0800af02       0x20 F:\Atollic_space\standarat_macro\Library\libSTM32CryptographicV3.0.0_CM7_GCC.a(crypto.o)
                0x0800af02                ECCsymmetricPoint
 .text.Normalize
                0x0800af22      0x10a F:\Atollic_space\standarat_macro\Library\libSTM32CryptographicV3.0.0_CM7_GCC.a(crypto.o)
                0x0800af22                Normalize
 .text.MontyJacProjAddPoints
                0x0800b02c      0x266 F:\Atollic_space\standarat_macro\Library\libSTM32CryptographicV3.0.0_CM7_GCC.a(crypto.o)
                0x0800b02c                MontyJacProjAddPoints
 *fill*         0x0800b292        0x2 
 .text.NAF_Binary_PointMul
                0x0800b294      0x288 F:\Atollic_space\standarat_macro\Library\libSTM32CryptographicV3.0.0_CM7_GCC.a(crypto.o)
                0x0800b294                NAF_Binary_PointMul
 .text.Binary_DoublePointMul
                0x0800b51c      0x140 F:\Atollic_space\standarat_macro\Library\libSTM32CryptographicV3.0.0_CM7_GCC.a(crypto.o)
                0x0800b51c                Binary_DoublePointMul
 .text.ECCinitPrivKey
                0x0800b65c       0x66 F:\Atollic_space\standarat_macro\Library\libSTM32CryptographicV3.0.0_CM7_GCC.a(crypto.o)
                0x0800b65c                ECCinitPrivKey
 .text.ECCfreePrivKey
                0x0800b6c2       0x2a F:\Atollic_space\standarat_macro\Library\libSTM32CryptographicV3.0.0_CM7_GCC.a(crypto.o)
                0x0800b6c2                ECCfreePrivKey
 .text.ECCsetPrivKeyValue
                0x0800b6ec       0x22 F:\Atollic_space\standarat_macro\Library\libSTM32CryptographicV3.0.0_CM7_GCC.a(crypto.o)
                0x0800b6ec                ECCsetPrivKeyValue
 *fill*         0x0800b70e        0x2 
 .text.ECCgetPrivKeyValue
                0x0800b710       0x8c F:\Atollic_space\standarat_macro\Library\libSTM32CryptographicV3.0.0_CM7_GCC.a(crypto.o)
                0x0800b710                ECCgetPrivKeyValue
 .text.ECCscalarMul
                0x0800b79c       0xe0 F:\Atollic_space\standarat_macro\Library\libSTM32CryptographicV3.0.0_CM7_GCC.a(crypto.o)
                0x0800b79c                ECCscalarMul
 .text.ECCsetPointGenerator
                0x0800b87c       0x94 F:\Atollic_space\standarat_macro\Library\libSTM32CryptographicV3.0.0_CM7_GCC.a(crypto.o)
                0x0800b87c                ECCsetPointGenerator
 .text.ECDSAinitSign
                0x0800b910       0x6e F:\Atollic_space\standarat_macro\Library\libSTM32CryptographicV3.0.0_CM7_GCC.a(crypto.o)
                0x0800b910                ECDSAinitSign
 .text.ECDSAfreeSign
                0x0800b97e       0x2e F:\Atollic_space\standarat_macro\Library\libSTM32CryptographicV3.0.0_CM7_GCC.a(crypto.o)
                0x0800b97e                ECDSAfreeSign
 .text.ECDSAsetSignature
                0x0800b9ac       0x2e F:\Atollic_space\standarat_macro\Library\libSTM32CryptographicV3.0.0_CM7_GCC.a(crypto.o)
                0x0800b9ac                ECDSAsetSignature
 *fill*         0x0800b9da        0x2 
 .text.ECDSAgetSignature
                0x0800b9dc       0xac F:\Atollic_space\standarat_macro\Library\libSTM32CryptographicV3.0.0_CM7_GCC.a(crypto.o)
                0x0800b9dc                ECDSAgetSignature
 .text.ECDSAverify
                0x0800ba88      0x2fe F:\Atollic_space\standarat_macro\Library\libSTM32CryptographicV3.0.0_CM7_GCC.a(crypto.o)
                0x0800ba88                ECDSAverify
 .text.ECCkeyGen
                0x0800bd86       0xdc F:\Atollic_space\standarat_macro\Library\libSTM32CryptographicV3.0.0_CM7_GCC.a(crypto.o)
                0x0800bd86                ECCkeyGen
 .text.ECDSAsign
                0x0800be62      0x39c F:\Atollic_space\standarat_macro\Library\libSTM32CryptographicV3.0.0_CM7_GCC.a(crypto.o)
                0x0800be62                ECDSAsign
 *fill*         0x0800c1fe        0x2 
 .text.ECCvalidatePubKey
                0x0800c200      0x250 F:\Atollic_space\standarat_macro\Library\libSTM32CryptographicV3.0.0_CM7_GCC.a(crypto.o)
                0x0800c200                ECCvalidatePubKey
 .text.salsa20_wordtobyte
                0x0800c450      0x354 F:\Atollic_space\standarat_macro\Library\libSTM32CryptographicV3.0.0_CM7_GCC.a(crypto.o)
                0x0800c450                salsa20_wordtobyte
 .text.CHACHA_Encrypt_Init
                0x0800c7a4       0xb0 F:\Atollic_space\standarat_macro\Library\libSTM32CryptographicV3.0.0_CM7_GCC.a(crypto.o)
                0x0800c7a4                CHACHA_Encrypt_Init
 .text.CHACHA_Encrypt_Append
                0x0800c854       0xfa F:\Atollic_space\standarat_macro\Library\libSTM32CryptographicV3.0.0_CM7_GCC.a(crypto.o)
                0x0800c854                CHACHA_Encrypt_Append
 .text.CHACHA_Encrypt_Finish
                0x0800c94e       0x18 F:\Atollic_space\standarat_macro\Library\libSTM32CryptographicV3.0.0_CM7_GCC.a(crypto.o)
                0x0800c94e                CHACHA_Encrypt_Finish
 .text.CHACHA_Decrypt_Init
                0x0800c966        0x4 F:\Atollic_space\standarat_macro\Library\libSTM32CryptographicV3.0.0_CM7_GCC.a(crypto.o)
                0x0800c966                CHACHA_Decrypt_Init
 .text.CHACHA_Decrypt_Append
                0x0800c96a        0x4 F:\Atollic_space\standarat_macro\Library\libSTM32CryptographicV3.0.0_CM7_GCC.a(crypto.o)
                0x0800c96a                CHACHA_Decrypt_Append
 .text.CHACHA_Decrypt_Finish
                0x0800c96e        0x4 F:\Atollic_space\standarat_macro\Library\libSTM32CryptographicV3.0.0_CM7_GCC.a(crypto.o)
                0x0800c96e                CHACHA_Decrypt_Finish
 *fill*         0x0800c972        0x2 
 .text.Poly1305_Core_Update
                0x0800c974      0x5a4 F:\Atollic_space\standarat_macro\Library\libSTM32CryptographicV3.0.0_CM7_GCC.a(crypto.o)
                0x0800c974                Poly1305_Core_Update
 .text.ChaCha20Poly1305_Append.part.36
                0x0800cf18      0x12e F:\Atollic_space\standarat_macro\Library\libSTM32CryptographicV3.0.0_CM7_GCC.a(crypto.o)
 *fill*         0x0800d046        0x2 
 .text.Poly1305_Core_Finish
                0x0800d048      0x230 F:\Atollic_space\standarat_macro\Library\libSTM32CryptographicV3.0.0_CM7_GCC.a(crypto.o)
                0x0800d048                Poly1305_Core_Finish
 .text.ChaCha20Poly1305_Common_Finish
                0x0800d278       0x46 F:\Atollic_space\standarat_macro\Library\libSTM32CryptographicV3.0.0_CM7_GCC.a(crypto.o)
 .text.Poly1305_Auth_Init
                0x0800d2be       0xa8 F:\Atollic_space\standarat_macro\Library\libSTM32CryptographicV3.0.0_CM7_GCC.a(crypto.o)
                0x0800d2be                Poly1305_Auth_Init
 .text.Poly1305_Auth_Append
                0x0800d366       0x94 F:\Atollic_space\standarat_macro\Library\libSTM32CryptographicV3.0.0_CM7_GCC.a(crypto.o)
                0x0800d366                Poly1305_Auth_Append
 .text.Poly1305_Auth_Finish
                0x0800d3fa       0x78 F:\Atollic_space\standarat_macro\Library\libSTM32CryptographicV3.0.0_CM7_GCC.a(crypto.o)
                0x0800d3fa                Poly1305_Auth_Finish
 .text.Poly1305_Verify_Init
                0x0800d472        0x4 F:\Atollic_space\standarat_macro\Library\libSTM32CryptographicV3.0.0_CM7_GCC.a(crypto.o)
                0x0800d472                Poly1305_Verify_Init
 .text.Poly1305_Verify_Append
                0x0800d476        0x4 F:\Atollic_space\standarat_macro\Library\libSTM32CryptographicV3.0.0_CM7_GCC.a(crypto.o)
                0x0800d476                Poly1305_Verify_Append
 .text.Poly1305_Verify_Finish
                0x0800d47a       0x82 F:\Atollic_space\standarat_macro\Library\libSTM32CryptographicV3.0.0_CM7_GCC.a(crypto.o)
                0x0800d47a                Poly1305_Verify_Finish
 .text.ChaCha20Poly1305_Encrypt_Init
                0x0800d4fc       0xe8 F:\Atollic_space\standarat_macro\Library\libSTM32CryptographicV3.0.0_CM7_GCC.a(crypto.o)
                0x0800d4fc                ChaCha20Poly1305_Encrypt_Init
 .text.ChaCha20Poly1305_Encrypt_Append
                0x0800d5e4       0x2c F:\Atollic_space\standarat_macro\Library\libSTM32CryptographicV3.0.0_CM7_GCC.a(crypto.o)
                0x0800d5e4                ChaCha20Poly1305_Encrypt_Append
 .text.ChaCha20Poly1305_Header_Append
                0x0800d610       0x7e F:\Atollic_space\standarat_macro\Library\libSTM32CryptographicV3.0.0_CM7_GCC.a(crypto.o)
                0x0800d610                ChaCha20Poly1305_Header_Append
 .text.ChaCha20Poly1305_Encrypt_Finish
                0x0800d68e       0x48 F:\Atollic_space\standarat_macro\Library\libSTM32CryptographicV3.0.0_CM7_GCC.a(crypto.o)
                0x0800d68e                ChaCha20Poly1305_Encrypt_Finish
 .text.ChaCha20Poly1305_Decrypt_Init
                0x0800d6d6        0x4 F:\Atollic_space\standarat_macro\Library\libSTM32CryptographicV3.0.0_CM7_GCC.a(crypto.o)
                0x0800d6d6                ChaCha20Poly1305_Decrypt_Init
 .text.ChaCha20Poly1305_Decrypt_Append
                0x0800d6da       0x2e F:\Atollic_space\standarat_macro\Library\libSTM32CryptographicV3.0.0_CM7_GCC.a(crypto.o)
                0x0800d6da                ChaCha20Poly1305_Decrypt_Append
 .text.ChaCha20Poly1305_Decrypt_Finish
                0x0800d708       0x6e F:\Atollic_space\standarat_macro\Library\libSTM32CryptographicV3.0.0_CM7_GCC.a(crypto.o)
                0x0800d708                ChaCha20Poly1305_Decrypt_Finish
 .text.sc25519_from32bytes
                0x0800d776       0x34 F:\Atollic_space\standarat_macro\Library\libSTM32CryptographicV3.0.0_CM7_GCC.a(crypto.o)
                0x0800d776                sc25519_from32bytes
 .text.sc25519_from64bytes
                0x0800d7aa       0x24 F:\Atollic_space\standarat_macro\Library\libSTM32CryptographicV3.0.0_CM7_GCC.a(crypto.o)
                0x0800d7aa                sc25519_from64bytes
 .text.sc25519_to32bytes
                0x0800d7ce        0xe F:\Atollic_space\standarat_macro\Library\libSTM32CryptographicV3.0.0_CM7_GCC.a(crypto.o)
                0x0800d7ce                sc25519_to32bytes
 .text.sc25519_add
[...]
TDES_ECB_Decrypt_Init                             F:\Atollic_space\standarat_macro\Library\libSTM32CryptographicV3.0.0_CM7_GCC.a(crypto.o)
TDES_ECB_Encrypt_Append                           F:\Atollic_space\standarat_macro\Library\libSTM32CryptographicV3.0.0_CM7_GCC.a(crypto.o)
TDES_ECB_Encrypt_Finish                           F:\Atollic_space\standarat_macro\Library\libSTM32CryptographicV3.0.0_CM7_GCC.a(crypto.o)
TDES_ECB_Encrypt_Init                             F:\Atollic_space\standarat_macro\Library\libSTM32CryptographicV3.0.0_CM7_GCC.a(crypto.o)
TIM1_BRK_TIM9_IRQHandler                          Startup\startup_stm32f767xx.o
TIM1_CC_IRQHandler                                Startup\startup_stm32f767xx.o
TIM1_TRG_COM_TIM11_IRQHandler                     Startup\startup_stm32f767xx.o
TIM1_UP_TIM10_IRQHandler                          Code\src\ulib.o
TIM2_IRQHandler                                   Startup\startup_stm32f767xx.o
TIM3_IRQHandler                                   Startup\startup_stm32f767xx.o
TIM4_IRQHandler                                   Startup\startup_stm32f767xx.o
TIM5_IRQHandler                                   Startup\startup_stm32f767xx.o
TIM6_DAC_IRQHandler                               Startup\startup_stm32f767xx.o
TIM7_IRQHandler                                   Startup\startup_stm32f767xx.o
TIM8_BRK_TIM12_IRQHandler                         Startup\startup_stm32f767xx.o
TIM8_CC_IRQHandler                                Startup\startup_stm32f767xx.o
TIM8_TRG_COM_TIM14_IRQHandler                     Startup\startup_stm32f767xx.o
TIM8_UP_TIM13_IRQHandler                          Startup\startup_stm32f767xx.o
TYPE_CONF                                         F:\Atollic_space\standarat_macro\Library\libSTM32CryptographicV3.0.0_CM7_GCC.a(crypto.o)
T_ARR                                             Code\src\ulib.o
                                                  Code\src\main.o
                                                  Code\src\_Hendler.o
UART4_IRQHandler                                  Startup\startup_stm32f767xx.o
UART5_IRQHandler                                  Startup\startup_stm32f767xx.o
UART7_IRQHandler                                  Startup\startup_stm32f767xx.o
UART8_IRQHandler                                  Startup\startup_stm32f767xx.o
UASRT_init                                        Code\src\ulib.o
                                                  Code\src\main.o
USART1_IRQHandler                                 Code\src\ulib.o
USART2_IRQHandler                                 Startup\startup_stm32f767xx.o
USART3_IRQHandler                                 Startup\startup_stm32f767xx.o
USART6_IRQHandler                                 Startup\startup_stm32f767xx.o
UsageFault_Handler                                Code\src\_Hendler.o
W32_to_W8                                         F:\Atollic_space\standarat_macro\Library\libSTM32CryptographicV3.0.0_CM7_GCC.a(crypto.o)
W8_to_Big                                         F:\Atollic_space\standarat_macro\Library\libSTM32CryptographicV3.0.0_CM7_GCC.a(crypto.o)
WWDG_IRQHandler                                   Startup\startup_stm32f767xx.o
__adddf3                                          d:/truestudio for stm32 9.2.0/armtools/bin/../lib/gcc/arm-atollic-eabi/6.3.1/armv7e-m/softfp/fpv5-sp-d16\libgcc.a(_arm_addsubdf3.o)
__aeabi_d2f                                       d:/truestudio for stm32 9.2.0/armtools/bin/../lib/gcc/arm-atollic-eabi/6.3.1/armv7e-m/softfp/fpv5-sp-d16\libgcc.a(_arm_truncdfsf2.o)
                                                  Code\src\ulib.o
__aeabi_dadd                                      d:/truestudio for stm32 9.2.0/armtools/bin/../lib/gcc/arm-atollic-eabi/6.3.1/armv7e-m/softfp/fpv5-sp-d16\libgcc.a(_arm_addsubdf3.o)
__aeabi_ddiv                                      d:/truestudio for stm32 9.2.0/armtools/bin/../lib/gcc/arm-atollic-eabi/6.3.1/armv7e-m/softfp/fpv5-sp-d16\libgcc.a(_arm_muldivdf3.o)
                                                  Code\src\ulib.o
__aeabi_dmul                                      d:/truestudio for stm32 9.2.0/armtools/bin/../lib/gcc/arm-atollic-eabi/6.3.1/armv7e-m/softfp/fpv5-sp-d16\libgcc.a(_arm_muldivdf3.o)
                                                  Code\src\ulib.o
__aeabi_drsub                                     d:/truestudio for stm32 9.2.0/armtools/bin/../lib/gcc/arm-atollic-eabi/6.3.1/armv7e-m/softfp/fpv5-sp-d16\libgcc.a(_arm_addsubdf3.o)
__aeabi_dsub                                      d:/truestudio for stm32 9.2.0/armtools/bin/../lib/gcc/arm-atollic-eabi/6.3.1/armv7e-m/softfp/fpv5-sp-d16\libgcc.a(_arm_addsubdf3.o)
__aeabi_f2d                                       d:/truestudio for stm32 9.2.0/armtools/bin/../lib/gcc/arm-atollic-eabi/6.3.1/armv7e-m/softfp/fpv5-sp-d16\libgcc.a(_arm_addsubdf3.o)
                                                  Code\src\ulib.o
__aeabi_i2d                                       d:/truestudio for stm32 9.2.0/armtools/bin/../lib/gcc/arm-atollic-eabi/6.3.1/armv7e-m/softfp/fpv5-sp-d16\libgcc.a(_arm_addsubdf3.o)
__aeabi_l2d                                       d:/truestudio for stm32 9.2.0/armtools/bin/../lib/gcc/arm-atollic-eabi/6.3.1/armv7e-m/softfp/fpv5-sp-d16\libgcc.a(_arm_addsubdf3.o)
__aeabi_ui2d                                      d:/truestudio for stm32 9.2.0/armtools/bin/../lib/gcc/arm-atollic-eabi/6.3.1/armv7e-m/softfp/fpv5-sp-d16\libgcc.a(_arm_addsubdf3.o)
__aeabi_ul2d                                      d:/truestudio for stm32 9.2.0/armtools/bin/../lib/gcc/arm-atollic-eabi/6.3.1/armv7e-m/softfp/fpv5-sp-d16\libgcc.a(_arm_addsubdf3.o)
__deregister_frame_info                           d:/truestudio for stm32 9.2.0/armtools/bin/../lib/gcc/arm-atollic-eabi/6.3.1/armv7e-m/softfp/fpv5-sp-d16/crtbegin.o
__divdf3                                          d:/truestudio for stm32 9.2.0/armtools/bin/../lib/gcc/arm-atollic-eabi/6.3.1/armv7e-m/softfp/fpv5-sp-d16\libgcc.a(_arm_muldivdf3.o)
__dso_handle                                      d:/truestudio for stm32 9.2.0/armtools/bin/../lib/gcc/arm-atollic-eabi/6.3.1/armv7e-m/softfp/fpv5-sp-d16/crtbegin.o
__extendsfdf2                                     d:/truestudio for stm32 9.2.0/armtools/bin/../lib/gcc/arm-atollic-eabi/6.3.1/armv7e-m/softfp/fpv5-sp-d16\libgcc.a(_arm_addsubdf3.o)
__floatdidf                                       d:/truestudio for stm32 9.2.0/armtools/bin/../lib/gcc/arm-atollic-eabi/6.3.1/armv7e-m/softfp/fpv5-sp-d16\libgcc.a(_arm_addsubdf3.o)
__floatsidf                                       d:/truestudio for stm32 9.2.0/armtools/bin/../lib/gcc/arm-atollic-eabi/6.3.1/armv7e-m/softfp/fpv5-sp-d16\libgcc.a(_arm_addsubdf3.o)
__floatundidf                                     d:/truestudio for stm32 9.2.0/armtools/bin/../lib/gcc/arm-atollic-eabi/6.3.1/armv7e-m/softfp/fpv5-sp-d16\libgcc.a(_arm_addsubdf3.o)
__floatunsidf                                     d:/truestudio for stm32 9.2.0/armtools/bin/../lib/gcc/arm-atollic-eabi/6.3.1/armv7e-m/softfp/fpv5-sp-d16\libgcc.a(_arm_addsubdf3.o)
__init_array_end                                  d:/truestudio for stm32 9.2.0/armtools/bin/../lib/gcc/arm-atollic-eabi/6.3.1/../../../../arm-atollic-eabi/lib/armv7e-m/softfp/fpv5-sp-d16\libc.a(lib_a-init.o)
__init_array_start                                d:/truestudio for stm32 9.2.0/armtools/bin/../lib/gcc/arm-atollic-eabi/6.3.1/../../../../arm-atollic-eabi/lib/armv7e-m/softfp/fpv5-sp-d16\libc.a(lib_a-init.o)
__libc_init_array                                 d:/truestudio for stm32 9.2.0/armtools/bin/../lib/gcc/arm-atollic-eabi/6.3.1/../../../../arm-atollic-eabi/lib/armv7e-m/softfp/fpv5-sp-d16\libc.a(lib_a-init.o)
                                                  Startup\startup_stm32f767xx.o
__muldf3                                          d:/truestudio for stm32 9.2.0/armtools/bin/../lib/gcc/arm-atollic-eabi/6.3.1/armv7e-m/softfp/fpv5-sp-d16\libgcc.a(_arm_muldivdf3.o)
__preinit_array_end                               d:/truestudio for stm32 9.2.0/armtools/bin/../lib/gcc/arm-atollic-eabi/6.3.1/../../../../arm-atollic-eabi/lib/armv7e-m/softfp/fpv5-sp-d16\libc.a(lib_a-init.o)
__preinit_array_start                             d:/truestudio for stm32 9.2.0/armtools/bin/../lib/gcc/arm-atollic-eabi/6.3.1/../../../../arm-atollic-eabi/lib/armv7e-m/softfp/fpv5-sp-d16\libc.a(lib_a-init.o)
__register_frame_info                             d:/truestudio for stm32 9.2.0/armtools/bin/../lib/gcc/arm-atollic-eabi/6.3.1/armv7e-m/softfp/fpv5-sp-d16/crtbegin.o
__subdf3                                          d:/truestudio for stm32 9.2.0/armtools/bin/../lib/gcc/arm-atollic-eabi/6.3.1/armv7e-m/softfp/fpv5-sp-d16\libgcc.a(_arm_addsubdf3.o)
__truncdfsf2                                      d:/truestudio for stm32 9.2.0/armtools/bin/../lib/gcc/arm-atollic-eabi/6.3.1/armv7e-m/softfp/fpv5-sp-d16\libgcc.a(_arm_truncdfsf2.o)
_ebss                                             Startup\startup_stm32f767xx.o
_edata                                            Startup\startup_stm32f767xx.o
_estack                                           Startup\startup_stm32f767xx.o
_fini                                             d:/truestudio for stm32 9.2.0/armtools/bin/../lib/gcc/arm-atollic-eabi/6.3.1/armv7e-m/softfp/fpv5-sp-d16/crti.o
_init                                             d:/truestudio for stm32 9.2.0/armtools/bin/../lib/gcc/arm-atollic-eabi/6.3.1/armv7e-m/softfp/fpv5-sp-d16/crti.o
                                                  d:/truestudio for stm32 9.2.0/armtools/bin/../lib/gcc/arm-atollic-eabi/6.3.1/../../../../arm-atollic-eabi/lib/armv7e-m/softfp/fpv5-sp-d16\libc.a(lib_a-init.o)
_sbss                                             Startup\startup_stm32f767xx.o
_sdata                                            Startup\startup_stm32f767xx.o
_sidata                                           Startup\startup_stm32f767xx.o
addres                                            Code\src\ulib.o
                                                  Code\src\main.o
                                                  Code\src\_Hendler.o
blink                                             Code\src\ulib.o
                                                  Code\src\_Hendler.o
bufferRessive                                     Code\src\ulib.o
                                                  Code\src\main.o
                                                  Code\src\_Hendler.o
check                                             Code\src\main.o
                                                  Code\src\AES_XTS.o
clock                                             Code\src\main.o
                                                  Code\src\ulib.o
clock_TIM                                         Code\src\ulib.o
                                                  Code\src\main.o
                                                  Code\src\_Hendler.o
crl_DRBG_AES128_Generate                          F:\Atollic_space\standarat_macro\Library\libSTM32CryptographicV3.0.0_CM7_GCC.a(crypto.o)
crl_DRBG_AES128_Instantiate                       F:\Atollic_space\standarat_macro\Library\libSTM32CryptographicV3.0.0_CM7_GCC.a(crypto.o)
crl_DRBG_AES128_Reseed                            F:\Atollic_space\standarat_macro\Library\libSTM32CryptographicV3.0.0_CM7_GCC.a(crypto.o)
crl_u_MD5_Finish                                  F:\Atollic_space\standarat_macro\Library\libSTM32CryptographicV3.0.0_CM7_GCC.a(crypto.o)
crl_u_MD5_Init                                    F:\Atollic_space\standarat_macro\Library\libSTM32CryptographicV3.0.0_CM7_GCC.a(crypto.o)
crl_u_MD5_Update                                  F:\Atollic_space\standarat_macro\Library\libSTM32CryptographicV3.0.0_CM7_GCC.a(crypto.o)
dec_table                                         F:\Atollic_space\standarat_macro\Library\libSTM32CryptographicV3.0.0_CM7_GCC.a(crypto.o)
delay                                             Code\src\ulib.o
enc_table                                         F:\Atollic_space\standarat_macro\Library\libSTM32CryptographicV3.0.0_CM7_GCC.a(crypto.o)
fe25519_add                                       F:\Atollic_space\standarat_macro\Library\libSTM32CryptographicV3.0.0_CM7_GCC.a(crypto.o)
fe25519_cmov                                      F:\Atollic_space\standarat_macro\Library\libSTM32CryptographicV3.0.0_CM7_GCC.a(crypto.o)
fe25519_copy                                      F:\Atollic_space\standarat_macro\Library\libSTM32CryptographicV3.0.0_CM7_GCC.a(crypto.o)
fe25519_freeze                                    F:\Atollic_space\standarat_macro\Library\libSTM32CryptographicV3.0.0_CM7_GCC.a(crypto.o)
fe25519_getparity                                 F:\Atollic_space\standarat_macro\Library\libSTM32CryptographicV3.0.0_CM7_GCC.a(crypto.o)
fe25519_invert                                    F:\Atollic_space\standarat_macro\Library\libSTM32CryptographicV3.0.0_CM7_GCC.a(crypto.o)
fe25519_iseq_vartime                              F:\Atollic_space\standarat_macro\Library\libSTM32CryptographicV3.0.0_CM7_GCC.a(crypto.o)
fe25519_mul                                       F:\Atollic_space\standarat_macro\Library\libSTM32CryptographicV3.0.0_CM7_GCC.a(crypto.o)
fe25519_mult121665                                F:\Atollic_space\standarat_macro\Library\libSTM32CryptographicV3.0.0_CM7_GCC.a(crypto.o)
fe25519_neg                                       F:\Atollic_space\standarat_macro\Library\libSTM32CryptographicV3.0.0_CM7_GCC.a(crypto.o)
fe25519_pack                                      F:\Atollic_space\standarat_macro\Library\libSTM32CryptographicV3.0.0_CM7_GCC.a(crypto.o)
fe25519_pow2523                                   F:\Atollic_space\standarat_macro\Library\libSTM32CryptographicV3.0.0_CM7_GCC.a(crypto.o)
fe25519_setone                                    F:\Atollic_space\standarat_macro\Library\libSTM32CryptographicV3.0.0_CM7_GCC.a(crypto.o)
fe25519_setzero                                   F:\Atollic_space\standarat_macro\Library\libSTM32CryptographicV3.0.0_CM7_GCC.a(crypto.o)
fe25519_square                                    F:\Atollic_space\standarat_macro\Library\libSTM32CryptographicV3.0.0_CM7_GCC.a(crypto.o)
fe25519_sub                                       F:\Atollic_space\standarat_macro\Library\libSTM32CryptographicV3.0.0_CM7_GCC.a(crypto.o)
fe25519_unpack                                    F:\Atollic_space\standarat_macro\Library\libSTM32CryptographicV3.0.0_CM7_GCC.a(crypto.o)
flag_get_array_byte                               Code\src\ulib.o
                                                  Code\src\main.o
                                                  Code\src\_Hendler.o
flag_get_array_string                             Code\src\ulib.o
                                                  Code\src\main.o
                                                  Code\src\_Hendler.o
flag_get_byte                                     Code\src\ulib.o
                                                  Code\src\main.o
                                                  Code\src\_Hendler.o
flag_led_init                                     Code\src\ulib.o
                                                  Code\src\main.o
                                                  Code\src\_Hendler.o
g_pfnVectors                                      Startup\startup_stm32f767xx.o
ge25519_base                                      F:\Atollic_space\standarat_macro\Library\libSTM32CryptographicV3.0.0_CM7_GCC.a(crypto.o)
ge25519_double_scalarmult_vartime                 F:\Atollic_space\standarat_macro\Library\libSTM32CryptographicV3.0.0_CM7_GCC.a(crypto.o)
ge25519_pack                                      F:\Atollic_space\standarat_macro\Library\libSTM32CryptographicV3.0.0_CM7_GCC.a(crypto.o)
ge25519_scalarmult_base                           F:\Atollic_space\standarat_macro\Library\libSTM32CryptographicV3.0.0_CM7_GCC.a(crypto.o)
ge25519_unpackneg_vartime                         F:\Atollic_space\standarat_macro\Library\libSTM32CryptographicV3.0.0_CM7_GCC.a(crypto.o)
get_array_byte                                    Code\src\ulib.o
get_array_str                                     Code\src\ulib.o
get_byte                                          Code\src\ulib.o
indication_led_init                               Code\src\ulib.o
                                                  Code\src\main.o
init_disp                                         Code\src\ulib.o
interrupt_timer                                   Code\src\ulib.o
main                                              Code\src\main.o
                                                  Startup\startup_stm32f767xx.o
memcpy                                            d:/truestudio for stm32 9.2.0/armtools/bin/../lib/gcc/arm-atollic-eabi/6.3.1/../../../../arm-atollic-eabi/lib/armv7e-m/softfp/fpv5-sp-d16\libc.a(lib_a-memcpy-stub.o)
                                                  F:\Atollic_space\standarat_macro\Library\libSTM32CryptographicV3.0.0_CM7_GCC.a(crypto.o)
memmove                                           d:/truestudio for stm32 9.2.0/armtools/bin/../lib/gcc/arm-atollic-eabi/6.3.1/../../../../arm-atollic-eabi/lib/armv7e-m/softfp/fpv5-sp-d16\libc.a(lib_a-memmove.o)
                                                  F:\Atollic_space\standarat_macro\Library\libSTM32CryptographicV3.0.0_CM7_GCC.a(crypto.o)
memset                                            d:/truestudio for stm32 9.2.0/armtools/bin/../lib/gcc/arm-atollic-eabi/6.3.1/../../../../arm-atollic-eabi/lib/armv7e-m/softfp/fpv5-sp-d16\libc.a(lib_a-memset.o)
                                                  F:\Atollic_space\standarat_macro\Library\libSTM32CryptographicV3.0.0_CM7_GCC.a(crypto.o)
new_array                                         Code\src\main.o
number_gen                                        Code\src\ulib.o
print_str                                         Code\src\ulib.o
                                                  Code\src\main.o
rcon                                              F:\Atollic_space\standarat_macro\Library\libSTM32CryptographicV3.0.0_CM7_GCC.a(crypto.o)
salsa20_wordtobyte                                F:\Atollic_space\standarat_macro\Library\libSTM32CryptographicV3.0.0_CM7_GCC.a(crypto.o)
sc25519_add                                       F:\Atollic_space\standarat_macro\Library\libSTM32CryptographicV3.0.0_CM7_GCC.a(crypto.o)
sc25519_from32bytes                               F:\Atollic_space\standarat_macro\Library\libSTM32CryptographicV3.0.0_CM7_GCC.a(crypto.o)
sc25519_from64bytes                               F:\Atollic_space\standarat_macro\Library\libSTM32CryptographicV3.0.0_CM7_GCC.a(crypto.o)
sc25519_mul                                       F:\Atollic_space\standarat_macro\Library\libSTM32CryptographicV3.0.0_CM7_GCC.a(crypto.o)
sc25519_to32bytes                                 F:\Atollic_space\standarat_macro\Library\libSTM32CryptographicV3.0.0_CM7_GCC.a(crypto.o)
send_array                                        Code\src\ulib.o
                                                  Code\src\main.o
send_array_byte                                   Code\src\ulib.o
send_byte                                         Code\src\ulib.o
sigma                                             F:\Atollic_space\standarat_macro\Library\libSTM32CryptographicV3.0.0_CM7_GCC.a(crypto.o)
str                                               Code\src\ulib.o
                                                  Code\src\main.o
                                                  Code\src\_Hendler.o
temp                                              Code\src\main.o
                                                  Code\src\AES_XTS.o
