st7735.c:3:6:ST7735_write	16	static
st7735.c:17:6:ST7735_Send	16	static
st7735.c:27:6:ST7735_SendData	16	static
st7735.c:33:6:ST7735_SendCmd	16	static
st7735.c:39:6:ST7735_Init	8	static
st7735.c:199:6:ST7735_AddrSet	24	static
st7735.c:218:6:ST7735_Clear	24	static
st7735.c:233:6:ST7735_DrawPixel	24	static
st7735.c:244:6:ST7735_DrawHLine	32	static
st7735.c:260:6:ST7735_DrawVLine	32	static
st7735.c:276:6:ST7735_DrawBMP	24	static
st7735.c:287:6:ST7735_DrawChar	40	static
st7735.c:328:6:ST7735_DrawChar7x11	48	static
st7735.c:368:6:ST7735_DrawString7x11	40	static
st7735.c:378:6:ST7735_DrawRectangle	24	static
st7735.c:386:6:ST7735_Button_Draw	48	static
st7735.c:425:6:ST7735_Button_StructInit	24	static
st7735.c:439:6:ST7735_Button_Destroy	32	static
st7735.c:457:6:ST7735_ProgressBar_Draw	40	static
st7735.c:491:6:ST7735_ProgressBar_SetProgress	16	static
st7735.c:501:6:ST7735_ProgressBar_StructInit	16	static
st7735.c:513:6:ST7735_ProgressBar_Destroy	32	static
st7735.c:531:6:ST7735_ListBox_Draw	48	static
st7735.c:579:6:ST7735_ListBox_SetSelected	24	static
st7735.c:591:6:ST7735_ListBox_SetVisibleRange	24	static
st7735.c:605:21:ST7735_ListBox_GetSelectedItem	16	static
st7735.c:610:6:ST7735_ListBox_StructInit	24	static
st7735.c:625:6:ST7735_ListBox_Destroy	32	static
st7735.c:644:6:Delay	16	static
st7735.c:649:6:TimingDelay_Decrement	4	static
st7735.c:655:6:SysTick_Handler	8	static
