core_cm7.h:1896:22:__NVIC_EnableIRQ	16	static
core_cm7.h:1985:22:__NVIC_ClearPendingIRQ	16	static
ulib.c:4:6:UASRT_init	24	static
ulib.c:39:6:USART1_IRQHandler	8	static
ulib.c:70:6:send_byte	16	static
ulib.c:77:6:send_array	24	static
ulib.c:89:6:send_array_byte	24	static
ulib.c:99:6:print_str	24	static
ulib.c:111:6:get_byte	16	static
ulib.c:121:6:get_array_byte	24	static
ulib.c:148:6:get_array_str	24	static
ulib.c:175:6:Connect_to_PC	16	static
ulib.c:195:6:indication_led_init	16	static
ulib.c:232:6:blink	16	static
ulib.c:296:6:delay	16	static
ulib.c:305:6:HSE_Enable	4	static
ulib.c:351:6:RNG_Init	4	static
ulib.c:359:6:number_gen	24	static
ulib.c:374:6:PWM_Init	24	static
ulib.c:405:6:PWM_Put	24	static
ulib.c:416:6:interrupt_timer	16	static
ulib.c:431:6:TIM1_UP_TIM10_IRQHandler	4	static
ulib.c:437:6:SPI_Init	8	static
ulib.c:506:6:SPI_write_byte	16	static
ulib.c:514:6:SPI_send_cmd	16	static
ulib.c:524:6:SPI_send_data	16	static
ulib.c:534:6:SPI_send_16byte_data	16	static
ulib.c:544:6:init_disp	8	static
